=== 项目 coldcase_dna / 分支 arena/01a0a7c0-desktop-tutorial / 成片 work/coldcase_dna/一根头发引发的破案革命_冷案复活与DNA表型分析_三分钟_带声音.mp4 ===
=== 1/6 校验计划与配音来源（闸门一）===
VALID: 180-second plan; 24 Agnes sources; 6 graphics; 0 archival; narration hashes match
=== 2/6 按 SHA-256 回填已生成素材（不重新生成、不消耗额度）===
downloading S01 from https://platform-outputs.agnes-ai.space/videos/agnes-video-v2.0/video_bbd27b83e6f1415995c0434ac4cf5c2d.mp4...
saved work/coldcase_dna/clips/S01.mp4
downloading S02 from https://platform-outputs.agnes-ai.space/videos/agnes-video-v2.0/video_39cb5cbd28524cbab26b656abd0038c2.mp4...
saved work/coldcase_dna/clips/S02.mp4
downloading S04 from https://platform-outputs.agnes-ai.space/videos/agnes-video-v2.0/video_2cb9c6cc63eb46dfa4c31cec1220c405.mp4...
saved work/coldcase_dna/clips/S04.mp4
downloading S05 from https://platform-outputs.agnes-ai.space/videos/agnes-video-v2.0/video_e713f851c1e34100a3d45a7a3f22cd24.mp4...
saved work/coldcase_dna/clips/S05.mp4
downloading S06 from https://platform-outputs.agnes-ai.space/videos/agnes-video-v2.0/video_a1f208e2812b4652a31062ab74049373.mp4...
saved work/coldcase_dna/clips/S06.mp4
downloading S07 from https://cos-platform-outputs.agnes-ai.cn/videos/agnes-video-v2.0/video_a66e29d6a5d2426189bace5cdccd961c.mp4...
saved work/coldcase_dna/clips/S07.mp4
downloading S09 from https://cos-platform-outputs.agnes-ai.cn/videos/agnes-video-v2.0/video_78d4d494315c40c3b5b8e8a309f1b2da.mp4...
saved work/coldcase_dna/clips/S09.mp4
downloading S10 from https://cos-platform-outputs.agnes-ai.cn/videos/agnes-video-v2.0/video_34352cdce51442c19bbd3093ba9a0a58.mp4...
saved work/coldcase_dna/clips/S10.mp4
downloading S11 from https://platform-outputs.agnes-ai.space/videos/agnes-video-v2.0/video_c6fdde3225c740ee8c6f66dc29d93417.mp4...
saved work/coldcase_dna/clips/S11.mp4
downloading S12 from https://cos-platform-outputs.agnes-ai.cn/videos/agnes-video-v2.0/video_587989d2332640cf96f1bff1be4edc25.mp4...
saved work/coldcase_dna/clips/S12.mp4
downloading S14 from https://platform-outputs.agnes-ai.space/videos/agnes-video-v2.0/video_3b98e1ad6f8c4094b5389410cb59f265.mp4...
saved work/coldcase_dna/clips/S14.mp4
downloading S15 from https://platform-outputs.agnes-ai.space/videos/agnes-video-v2.0/video_0a9d1859412d4244bc7383b24665e1ae.mp4...
saved work/coldcase_dna/clips/S15.mp4
downloading S16 from https://cos-platform-outputs.agnes-ai.cn/videos/agnes-video-v2.0/video_89d8a4cdf4c7413081b41cb7b359517d.mp4...
saved work/coldcase_dna/clips/S16.mp4
downloading S17 from https://cos-platform-outputs.agnes-ai.cn/videos/agnes-video-v2.0/video_68d29a98f60c488a9a4dad73e4f6078d.mp4...
saved work/coldcase_dna/clips/S17.mp4
downloading S19 from https://cos-platform-outputs.agnes-ai.cn/videos/agnes-video-v2.0/video_0cc3862f377d4a489147fbbcd725f293.mp4...
saved work/coldcase_dna/clips/S19.mp4
downloading S20 from https://platform-outputs.agnes-ai.space/videos/agnes-video-v2.0/video_bf3c47543728424f98cae51c6165fe06.mp4...
saved work/coldcase_dna/clips/S20.mp4
downloading S21 from https://cos-platform-outputs.agnes-ai.cn/videos/agnes-video-v2.0/video_69f2585ef2c44b15971b561c93817f36.mp4...
saved work/coldcase_dna/clips/S21.mp4
downloading S22 from https://platform-outputs.agnes-ai.space/videos/agnes-video-v2.0/video_d98d7f8eb00645a5848a8740d0558e3f.mp4...
saved work/coldcase_dna/clips/S22.mp4
downloading S24 from https://platform-outputs.agnes-ai.space/videos/agnes-video-v2.0/video_c0c9a0c8bea046d0bb39180b6bf6863c.mp4...
saved work/coldcase_dna/clips/S24.mp4
downloading S25 from https://platform-outputs.agnes-ai.space/videos/agnes-video-v2.0/video_e88fbde302bf4cdc8579add0292d73c5.mp4...
saved work/coldcase_dna/clips/S25.mp4
downloading S26 from https://cos-platform-outputs.agnes-ai.cn/videos/agnes-video-v2.0/video_aa0a9dda39cc47f0b2c556829a63ae06.mp4...
saved work/coldcase_dna/clips/S26.mp4
downloading S28 from https://platform-outputs.agnes-ai.space/videos/agnes-video-v2.0/video_d6c8006436d64f32a5a6149dc3453e74.mp4...
saved work/coldcase_dna/clips/S28.mp4
downloading S29 from https://cos-platform-outputs.agnes-ai.cn/videos/agnes-video-v2.0/video_6bffd66945e64f5ca4dada83185ea920.mp4...
saved work/coldcase_dna/clips/S29.mp4
downloading S30 from https://cos-platform-outputs.agnes-ai.cn/videos/agnes-video-v2.0/video_88fa5c3eb149467d8fce1a2c818e9523.mp4...
saved work/coldcase_dna/clips/S30.mp4
=== 3/6 剪辑 + 混音 + 成品复测（闸门二、三）===
Warning: You are sending unauthenticated requests to the HF Hub. Please set a HF_TOKEN to enable higher rate limits and faster downloads.
[0;93m2026-09-16 02:54:13.612953785 [W:onnxruntime:Default, device_discovery.cc:146 GetPciBusId] Skipping pci_bus_id for PCI path at "/sys/devices/LNXSYSTM:00/LNXSYBUS:00/ACPI0004:00/MSFT1000:00/5620e0c7-8062-4dce-aeb7-520c7ef76171" because filename "5620e0c7-8062-4dce-aeb7-520c7ef76171" did not match expected pattern of [0-9a-f]+:[0-9a-f]+:[0-9a-f]+[.][0-9a-f]+[m
ASR_TIMING_READY N01
ASR_TIMING_READY N02
ASR_TIMING_READY N03
ASR_TIMING_READY N04
ASR_TIMING_READY N05
ASR_TIMING_READY N06
RENDER_SEGMENT 1/31 S01
RENDER_SEGMENT 2/31 S02
RENDER_SEGMENT 3/31 S03
RENDER_SEGMENT 4/31 S04
Traceback (most recent call last):
  File "/home/runner/work/desktop-tutorial/desktop-tutorial/production/coldcase_dna/render.py", line 492, in <module>
    if __name__=='__main__':main()
                            ^^^^^^
  File "/home/runner/work/desktop-tutorial/desktop-tutorial/production/coldcase_dna/render.py", line 434, in main
    outputs.append(render_segment(entry,i,args.sources,work/'graphics',segments,args.width,args.height,checks))
                   ^^^^^^^^^^^^^^^^^^^^^^^^^^^^^^^^^^^^^^^^^^^^^^^^^^^^^^^^^^^^^^^^^^^^^^^^^^^^^^^^^^^^^^^^^^^
  File "/home/runner/work/desktop-tutorial/desktop-tutorial/production/coldcase_dna/render.py", line 365, in render_segment
    if factor>1.33:raise RuntimeError(f'{sid}/{variant}: requires excessive slow motion ({factor:.2f})')
                   ^^^^^^^^^^^^^^^^^^^^^^^^^^^^^^^^^^^^^^^^^^^^^^^^^^^^^^^^^^^^^^^^^^^^^^^^^^^^^^^^^^^^^
RuntimeError: S05/: requires excessive slow motion (2.23)
