PRODUCTION_STATUS cloud generation started
PRODUCTION_STATUS S01 submitting
PRODUCTION_STATUS S01 waiting for a creation slot
PRODUCTION_STATUS S02 submitting
PRODUCTION_STATUS S02 waiting for a creation slot
PRODUCTION_STATUS S01 queued
[12:42:19] status=in_progress progress=30% (elapsed 0s)
PRODUCTION_STATUS S02 queued
[12:43:33] status=in_progress progress=30% (elapsed 1s)
[12:46:56] status=completed progress=100% (elapsed 204s)
PRODUCTION_STATUS S02 generated
PRODUCTION_STATUS S02 media and QA ready
PRODUCTION_STATUS S03 submitting
PRODUCTION_STATUS S03 waiting for a creation slot
PRODUCTION_STATUS S03 queued
[12:47:10] status=in_progress progress=30% (elapsed 0s)
[12:47:49] status=completed progress=100% (elapsed 330s)
PRODUCTION_STATUS S01 generated
PRODUCTION_STATUS S01 media and QA ready
PRODUCTION_STATUS S05 submitting
PRODUCTION_STATUS S05 waiting for a creation slot
PRODUCTION_STATUS S05 queued
[12:48:25] status=in_progress progress=30% (elapsed 0s)
[12:51:50] poll: HTTP 429: too many video status queries (request id: 20260925125150418894670ZbLIRyco) (code=429) [1/12]
[12:53:16] status=completed progress=100% (elapsed 291s)
[12:53:16] status=completed progress=100% (elapsed 366s)
PRODUCTION_STATUS S05 generated
PRODUCTION_STATUS S03 generated
PRODUCTION_STATUS S05 media and QA ready
PRODUCTION_STATUS S06 submitting
PRODUCTION_STATUS S06 waiting for a creation slot
PRODUCTION_STATUS S03 media and QA ready
PRODUCTION_STATUS S06 queued
[12:53:28] status=in_progress progress=30% (elapsed 0s)
PRODUCTION_STATUS S07 submitting
PRODUCTION_STATUS S07 waiting for a creation slot
PRODUCTION_STATUS S07 queued
[12:54:43] status=in_progress progress=30% (elapsed 1s)
[12:57:17] status=completed progress=100% (elapsed 229s)
PRODUCTION_STATUS S06 generated
PRODUCTION_STATUS S06 media and QA ready
PRODUCTION_STATUS S08 submitting
PRODUCTION_STATUS S08 waiting for a creation slot
PRODUCTION_STATUS S08 queued
[12:57:29] status=in_progress progress=30% (elapsed 0s)
[12:58:10] status=completed progress=100% (elapsed 208s)
PRODUCTION_STATUS S07 generated
PRODUCTION_STATUS S07 media and QA ready
PRODUCTION_STATUS S09 submitting
PRODUCTION_STATUS S09 waiting for a creation slot
PRODUCTION_STATUS S09 queued
[12:58:43] status=in_progress progress=30% (elapsed 0s)
[12:58:45] poll: HTTP 429: too many video status queries (request id: 20260925125845697602665uhMietuF) (code=429) [1/12]
[13:00:12] poll: HTTP 429: too many video status queries (request id: 2026092513001279850642kkCLfN6Q) (code=429) [1/12]
[13:01:12] status=completed progress=100% (elapsed 223s)
PRODUCTION_STATUS S08 generated
PRODUCTION_STATUS S08 media and QA ready
PRODUCTION_STATUS S11 submitting
PRODUCTION_STATUS S11 waiting for a creation slot
PRODUCTION_STATUS S11 queued
[13:01:23] status=in_progress progress=30% (elapsed 0s)
[13:04:47] status=completed progress=100% (elapsed 204s)
PRODUCTION_STATUS S11 generated
PRODUCTION_STATUS S11 media and QA ready
PRODUCTION_STATUS S12 submitting
PRODUCTION_STATUS S12 waiting for a creation slot
PRODUCTION_STATUS S12 queued
[13:05:00] status=in_progress progress=30% (elapsed 0s)
[13:05:00] status=completed progress=100% (elapsed 377s)
PRODUCTION_STATUS S09 generated
PRODUCTION_STATUS S09 media and QA ready
PRODUCTION_STATUS S14 submitting
PRODUCTION_STATUS S14 waiting for a creation slot
PRODUCTION_STATUS S14 queued
[13:06:16] status=in_progress progress=30% (elapsed 0s)
[13:09:14] status=completed progress=100% (elapsed 254s)
[13:09:40] status=completed progress=100% (elapsed 204s)
PRODUCTION_STATUS S14 generated
PRODUCTION_STATUS S14 media and QA ready
PRODUCTION_STATUS S15 submitting
PRODUCTION_STATUS S15 waiting for a creation slot
PRODUCTION_STATUS S15 queued
[13:09:52] status=in_progress progress=30% (elapsed 0s)
[13:13:45] status=completed progress=100% (elapsed 233s)
PRODUCTION_STATUS S15 generated
PRODUCTION_STATUS S15 media and QA ready
PRODUCTION_STATUS S16 submitting
PRODUCTION_STATUS S16 waiting for a creation slot
PRODUCTION_STATUS S16 queued
[13:13:58] status=in_progress progress=30% (elapsed 0s)
[13:14:14] download attempt 1/3 failed: <urlopen error _ssl.c:999: The handshake operation timed out>
PRODUCTION_STATUS S12 generated
PRODUCTION_STATUS S12 media and QA ready
PRODUCTION_STATUS S17 submitting
PRODUCTION_STATUS S17 waiting for a creation slot
PRODUCTION_STATUS S17 queued
[13:15:12] status=in_progress progress=30% (elapsed 0s)
[13:17:46] status=completed progress=100% (elapsed 228s)
PRODUCTION_STATUS S16 generated
PRODUCTION_STATUS S16 media and QA ready
PRODUCTION_STATUS S18 submitting
PRODUCTION_STATUS S18 waiting for a creation slot
PRODUCTION_STATUS S18 queued
[13:17:58] status=in_progress progress=30% (elapsed 1s)
[13:19:01] status=completed progress=100% (elapsed 229s)
PRODUCTION_STATUS S17 generated
PRODUCTION_STATUS S17 media and QA ready
PRODUCTION_STATUS S19 submitting
PRODUCTION_STATUS S19 waiting for a creation slot
PRODUCTION_STATUS S19 queued
[13:19:13] status=in_progress progress=30% (elapsed 1s)
[13:22:37] status=completed progress=100% (elapsed 280s)
PRODUCTION_STATUS S18 generated
PRODUCTION_STATUS S18 media and QA ready
PRODUCTION_STATUS S20 submitting
PRODUCTION_STATUS S20 waiting for a creation slot
PRODUCTION_STATUS S20 queued
[13:22:47] status=in_progress progress=30% (elapsed 1s)
[13:23:27] status=completed progress=100% (elapsed 255s)
PRODUCTION_STATUS S19 generated
PRODUCTION_STATUS S19 media and QA ready
PRODUCTION_STATUS S21 submitting
PRODUCTION_STATUS S21 waiting for a creation slot
PRODUCTION_STATUS S21 queued
[13:24:08] status=in_progress progress=30% (elapsed 0s)
[13:26:14] status=completed progress=100% (elapsed 208s)
PRODUCTION_STATUS S20 generated
PRODUCTION_STATUS S20 media and QA ready
PRODUCTION_STATUS S22 submitting
PRODUCTION_STATUS S22 waiting for a creation slot
PRODUCTION_STATUS S22 queued
[13:26:25] status=in_progress progress=30% (elapsed 0s)
[13:27:32] status=completed progress=100% (elapsed 203s)
PRODUCTION_STATUS S21 generated
PRODUCTION_STATUS S21 media and QA ready
PRODUCTION_STATUS S23 submitting
PRODUCTION_STATUS S23 waiting for a creation slot
PRODUCTION_STATUS S23 queued
[13:27:45] status=in_progress progress=30% (elapsed 0s)
[13:29:48] status=completed progress=100% (elapsed 204s)
PRODUCTION_STATUS S22 generated
PRODUCTION_STATUS S22 media and QA ready
PRODUCTION_STATUS S24 submitting
PRODUCTION_STATUS S24 waiting for a creation slot
PRODUCTION_STATUS S24 queued
[13:29:59] status=in_progress progress=30% (elapsed 0s)
[13:31:38] status=completed progress=100% (elapsed 233s)
PRODUCTION_STATUS S23 generated
PRODUCTION_STATUS S23 media and QA ready
PRODUCTION_STATUS S26 submitting
PRODUCTION_STATUS S26 waiting for a creation slot
PRODUCTION_STATUS S26 queued
[13:31:58] status=in_progress progress=30% (elapsed 0s)
[13:33:23] status=completed progress=100% (elapsed 204s)
PRODUCTION_STATUS S24 generated
PRODUCTION_STATUS S24 media and QA ready
PRODUCTION_STATUS S27 submitting
PRODUCTION_STATUS S27 waiting for a creation slot
PRODUCTION_STATUS S27 queued
[13:33:34] status=in_progress progress=30% (elapsed 0s)
[13:35:47] status=completed progress=100% (elapsed 229s)
PRODUCTION_STATUS S26 generated
PRODUCTION_STATUS S26 media and QA ready
PRODUCTION_STATUS S28 submitting
PRODUCTION_STATUS S28 waiting for a creation slot
PRODUCTION_STATUS S28 queued
[13:36:02] status=in_progress progress=30% (elapsed 0s)
[13:36:32] status=completed progress=100% (elapsed 178s)
PRODUCTION_STATUS S27 generated
PRODUCTION_STATUS S27 media and QA ready
PRODUCTION_STATUS S29 submitting
PRODUCTION_STATUS S29 waiting for a creation slot
PRODUCTION_STATUS S29 queued
[13:37:14] status=in_progress progress=30% (elapsed 0s)
[13:39:52] status=completed progress=100% (elapsed 229s)
PRODUCTION_STATUS S28 generated
PRODUCTION_STATUS S28 media and QA ready
PRODUCTION_STATUS S30 submitting
PRODUCTION_STATUS S30 waiting for a creation slot
PRODUCTION_STATUS S30 queued
[13:40:06] status=in_progress progress=30% (elapsed 1s)
[13:41:02] status=completed progress=100% (elapsed 228s)
PRODUCTION_STATUS S29 generated
PRODUCTION_STATUS S29 media and QA ready
PRODUCTION_STATUS S31 submitting
PRODUCTION_STATUS S31 waiting for a creation slot
PRODUCTION_STATUS S31 queued
[13:41:22] status=in_progress progress=30% (elapsed 0s)
[13:44:20] status=completed progress=100% (elapsed 254s)
PRODUCTION_STATUS S30 generated
PRODUCTION_STATUS S30 media and QA ready
PRODUCTION_STATUS S33 submitting
PRODUCTION_STATUS S33 waiting for a creation slot
PRODUCTION_STATUS S33 queued
[13:44:34] status=in_progress progress=30% (elapsed 0s)
[13:45:37] status=completed progress=100% (elapsed 255s)
PRODUCTION_STATUS S31 generated
PRODUCTION_STATUS S31 media and QA ready
PRODUCTION_STATUS S34 submitting
PRODUCTION_STATUS S34 waiting for a creation slot
PRODUCTION_STATUS S34 queued
[13:45:52] status=in_progress progress=30% (elapsed 0s)
[13:47:57] status=completed progress=100% (elapsed 203s)
PRODUCTION_STATUS S33 generated
PRODUCTION_STATUS S33 media and QA ready
PRODUCTION_STATUS S36 submitting
PRODUCTION_STATUS S36 waiting for a creation slot
PRODUCTION_STATUS S36 queued
[13:48:08] status=in_progress progress=30% (elapsed 0s)
[13:49:41] status=completed progress=100% (elapsed 229s)
PRODUCTION_STATUS S34 generated
PRODUCTION_STATUS S34 media and QA ready
PRODUCTION_STATUS S37 submitting
PRODUCTION_STATUS S37 waiting for a creation slot
PRODUCTION_STATUS S37 queued
[13:49:53] status=in_progress progress=30% (elapsed 0s)
[13:51:57] status=completed progress=100% (elapsed 229s)
PRODUCTION_STATUS S36 generated
PRODUCTION_STATUS S36 media and QA ready
PRODUCTION_STATUS S38 submitting
PRODUCTION_STATUS S38 waiting for a creation slot
PRODUCTION_STATUS S38 queued
[13:52:07] status=in_progress progress=30% (elapsed 0s)
[13:53:17] status=completed progress=100% (elapsed 204s)
PRODUCTION_STATUS S37 generated
PRODUCTION_STATUS S37 media and QA ready
PRODUCTION_STATUS S40 submitting
PRODUCTION_STATUS S40 waiting for a creation slot
PRODUCTION_STATUS S40 queued
[13:53:29] status=in_progress progress=30% (elapsed 1s)
[13:55:30] status=completed progress=100% (elapsed 203s)
PRODUCTION_STATUS S38 generated
PRODUCTION_STATUS S38 media and QA ready
PRODUCTION_STATUS S41 submitting
PRODUCTION_STATUS S41 waiting for a creation slot
PRODUCTION_STATUS S41 queued
[13:55:43] status=in_progress progress=30% (elapsed 1s)
[13:58:33] status=completed progress=100% (elapsed 305s)
PRODUCTION_STATUS S40 generated
PRODUCTION_STATUS S40 media and QA ready
PRODUCTION_STATUS S42 submitting
PRODUCTION_STATUS S42 waiting for a creation slot
PRODUCTION_STATUS S42 queued
[13:58:46] status=in_progress progress=30% (elapsed 0s)
[13:59:31] status=completed progress=100% (elapsed 229s)
PRODUCTION_STATUS S41 generated
PRODUCTION_STATUS S41 media and QA ready
PRODUCTION_STATUS S43 submitting
PRODUCTION_STATUS S43 waiting for a creation slot
PRODUCTION_STATUS S43 queued
[14:00:01] status=in_progress progress=30% (elapsed 1s)
[14:02:10] status=completed progress=100% (elapsed 204s)
PRODUCTION_STATUS S42 generated
PRODUCTION_STATUS S42 media and QA ready
PRODUCTION_STATUS S44 submitting
PRODUCTION_STATUS S44 waiting for a creation slot
PRODUCTION_STATUS S44 queued
[14:02:21] status=in_progress progress=30% (elapsed 0s)
[14:04:15] status=completed progress=100% (elapsed 255s)
PRODUCTION_STATUS S43 generated
PRODUCTION_STATUS S43 media and QA ready
PRODUCTION_STATUS S45 submitting
PRODUCTION_STATUS S45 waiting for a creation slot
PRODUCTION_STATUS S45 queued
[14:04:26] status=in_progress progress=30% (elapsed 0s)
[14:05:45] poll: HTTP 429: too many video status queries (request id: 20260925140545169037016lWeEylZD) (code=429) [1/12]
[14:06:45] status=completed progress=100% (elapsed 264s)
PRODUCTION_STATUS S44 generated
PRODUCTION_STATUS S44 media and QA ready
[14:08:01] status=completed progress=100% (elapsed 216s)
PRODUCTION_STATUS S45 generated
PRODUCTION_STATUS S45 media and QA ready
PRODUCTION_STATUS preparing cloud edit
PRODUCTION_STATUS rendering first cut
Traceback (most recent call last):
  File "/home/runner/work/desktop-tutorial/desktop-tutorial/production/spector/render.py", line 502, in <module>
    if __name__=='__main__':main()
                            ^^^^^^
  File "/home/runner/work/desktop-tutorial/desktop-tutorial/production/spector/render.py", line 422, in main
    raise RuntimeError(f'Missing or unverified Agnes footage: {sid}; refusing to substitute an image/slideshow')
RuntimeError: Missing or unverified Agnes footage: S03; refusing to substitute an image/slideshow
PRODUCTION_STATUS pipeline stopped
Traceback (most recent call last):
  File "/home/runner/work/desktop-tutorial/desktop-tutorial/production/spector/generate.py", line 311, in <module>
    if __name__=='__main__':raise SystemExit(main())
                                             ^^^^^^
  File "/home/runner/work/desktop-tutorial/desktop-tutorial/production/spector/generate.py", line 272, in main
    subprocess.run([str(python),str(Path(__file__).with_name('render.py')),
  File "/opt/hostedtoolcache/Python/3.11.16/x64/lib/python3.11/subprocess.py", line 571, in run
    raise CalledProcessError(retcode, process.args,
subprocess.CalledProcessError: Command '['/home/runner/work/desktop-tutorial/desktop-tutorial/work/spector/render-env/bin/python', '/home/runner/work/desktop-tutorial/desktop-tutorial/production/spector/render.py', '--sources', '/home/runner/work/desktop-tutorial/desktop-tutorial/work/spector/sources', '--work', '/home/runner/work/desktop-tutorial/desktop-tutorial/work/spector/edit', '--output', '/home/runner/work/desktop-tutorial/desktop-tutorial/work/spector/edit/first-cut.mp4']' returned non-zero exit status 1.
