PRODUCTION_STATUS cloud generation started
PRODUCTION_STATUS S01 submitting
PRODUCTION_STATUS S01 waiting for a creation slot
PRODUCTION_STATUS S03 submitting
PRODUCTION_STATUS S03 waiting for a creation slot
PRODUCTION_STATUS S01 queued
[11:11:55] status=in_progress progress=30% (elapsed 0s)
PRODUCTION_STATUS S03 queued
[11:13:13] status=in_progress progress=30% (elapsed 0s)
[11:15:19] status=completed progress=100% (elapsed 204s)
PRODUCTION_STATUS S01 generated
PRODUCTION_STATUS S01 media and QA ready
PRODUCTION_STATUS S04 submitting
PRODUCTION_STATUS S04 waiting for a creation slot
PRODUCTION_STATUS S04 queued
[11:15:30] status=in_progress progress=30% (elapsed 0s)
[11:17:01] status=completed progress=100% (elapsed 228s)
PRODUCTION_STATUS S03 generated
PRODUCTION_STATUS S03 media and QA ready
PRODUCTION_STATUS S05 submitting
PRODUCTION_STATUS S05 waiting for a creation slot
[11:18:28] status=completed progress=100% (elapsed 177s)
PRODUCTION_STATUS S05 failed
PRODUCTION_STATUS S06 submitting
PRODUCTION_STATUS S06 waiting for a creation slot
PRODUCTION_STATUS S04 generated
PRODUCTION_STATUS S04 media and QA ready
PRODUCTION_STATUS S07 submitting
PRODUCTION_STATUS S07 waiting for a creation slot
PRODUCTION_STATUS S06 queued
[11:19:28] status=queued progress=0% (elapsed 0s)
PRODUCTION_STATUS S07 queued
[11:19:48] status=in_progress progress=30% (elapsed 0s)
[11:23:36] status=completed progress=100% (elapsed 228s)
PRODUCTION_STATUS S07 generated
PRODUCTION_STATUS S07 media and QA ready
PRODUCTION_STATUS S08 submitting
PRODUCTION_STATUS S08 waiting for a creation slot
PRODUCTION_STATUS S08 queued
[11:23:48] status=in_progress progress=30% (elapsed 0s)
[11:27:11] status=completed progress=100% (elapsed 203s)
PRODUCTION_STATUS S08 generated
PRODUCTION_STATUS S08 media and QA ready
PRODUCTION_STATUS S09 submitting
PRODUCTION_STATUS S09 waiting for a creation slot
PRODUCTION_STATUS S09 queued
[11:27:21] status=in_progress progress=30% (elapsed 0s)
[11:31:35] status=completed progress=100% (elapsed 254s)
PRODUCTION_STATUS S09 generated
PRODUCTION_STATUS S09 media and QA ready
PRODUCTION_STATUS S10 submitting
PRODUCTION_STATUS S10 waiting for a creation slot
PRODUCTION_STATUS S10 queued
[11:31:49] status=in_progress progress=30% (elapsed 0s)
[11:34:41] status=failed progress=0% (elapsed 912s)
PRODUCTION_STATUS S06 failed
PRODUCTION_STATUS S12 submitting
PRODUCTION_STATUS S12 waiting for a creation slot
PRODUCTION_STATUS S12 queued
[11:34:46] status=in_progress progress=30% (elapsed 0s)
[11:35:12] status=completed progress=100% (elapsed 203s)
PRODUCTION_STATUS S10 generated
PRODUCTION_STATUS S10 media and QA ready
PRODUCTION_STATUS S13 submitting
PRODUCTION_STATUS S13 waiting for a creation slot
PRODUCTION_STATUS S13 queued
[11:36:01] status=in_progress progress=30% (elapsed 0s)
[11:38:09] poll: HTTP 429: too many video status queries (request id: 202610071138092539651508TE69ISl) (code=429) [1/12]
[11:39:09] status=completed progress=100% (elapsed 263s)
[11:39:09] status=completed progress=100% (elapsed 188s)
PRODUCTION_STATUS S13 generated
PRODUCTION_STATUS S12 generated
PRODUCTION_STATUS S13 media and QA ready
PRODUCTION_STATUS S14 submitting
PRODUCTION_STATUS S14 waiting for a creation slot
PRODUCTION_STATUS S12 media and QA ready
PRODUCTION_STATUS S15 submitting
PRODUCTION_STATUS S15 waiting for a creation slot
PRODUCTION_STATUS S14 queued
[11:39:25] status=in_progress progress=30% (elapsed 0s)
PRODUCTION_STATUS S15 queued
[11:40:40] status=in_progress progress=30% (elapsed 0s)
[11:43:13] status=completed progress=100% (elapsed 228s)
PRODUCTION_STATUS S14 generated
PRODUCTION_STATUS S14 media and QA ready
PRODUCTION_STATUS S16 submitting
PRODUCTION_STATUS S16 waiting for a creation slot
PRODUCTION_STATUS S16 queued
[11:43:23] status=in_progress progress=30% (elapsed 0s)
[11:44:03] status=completed progress=100% (elapsed 203s)
PRODUCTION_STATUS S15 generated
PRODUCTION_STATUS S15 media and QA ready
PRODUCTION_STATUS S17 submitting
PRODUCTION_STATUS S17 waiting for a creation slot
PRODUCTION_STATUS S17 queued
[11:44:38] status=in_progress progress=30% (elapsed 0s)
[11:46:21] status=completed progress=100% (elapsed 177s)
PRODUCTION_STATUS S16 generated
PRODUCTION_STATUS S16 media and QA ready
PRODUCTION_STATUS S19 submitting
PRODUCTION_STATUS S19 waiting for a creation slot
PRODUCTION_STATUS S19 queued
[11:46:30] status=in_progress progress=30% (elapsed 0s)
[11:48:01] status=completed progress=100% (elapsed 203s)
PRODUCTION_STATUS S17 generated
PRODUCTION_STATUS S17 media and QA ready
PRODUCTION_STATUS S20 submitting
PRODUCTION_STATUS S20 waiting for a creation slot
PRODUCTION_STATUS S20 queued
[11:48:10] status=in_progress progress=30% (elapsed 0s)
[11:50:18] status=completed progress=100% (elapsed 228s)
PRODUCTION_STATUS S19 generated
PRODUCTION_STATUS S19 media and QA ready
PRODUCTION_STATUS S21 submitting
PRODUCTION_STATUS S21 waiting for a creation slot
PRODUCTION_STATUS S21 queued
[11:50:28] status=in_progress progress=30% (elapsed 0s)
[11:51:59] status=completed progress=100% (elapsed 228s)
PRODUCTION_STATUS S20 generated
PRODUCTION_STATUS S20 media and QA ready
PRODUCTION_STATUS S22 submitting
PRODUCTION_STATUS S22 waiting for a creation slot
PRODUCTION_STATUS S22 queued
[11:52:08] status=in_progress progress=30% (elapsed 0s)
[11:54:41] poll: HTTP 429: too many video status queries (request id: 20261007115441799795669SuuJcrzD) (code=429) [1/12]
[11:55:42] status=completed progress=100% (elapsed 314s)
[11:55:42] status=completed progress=100% (elapsed 214s)
PRODUCTION_STATUS S22 generated
PRODUCTION_STATUS S21 generated
PRODUCTION_STATUS S22 media and QA ready
PRODUCTION_STATUS S21 media and QA ready
PRODUCTION_STATUS S23 submitting
PRODUCTION_STATUS S23 waiting for a creation slot
PRODUCTION_STATUS S24 submitting
PRODUCTION_STATUS S24 waiting for a creation slot
PRODUCTION_STATUS S23 queued
[11:56:05] status=in_progress progress=30% (elapsed 0s)
PRODUCTION_STATUS S24 queued
[11:57:46] status=in_progress progress=30% (elapsed 0s)
[11:59:28] status=completed progress=100% (elapsed 203s)
PRODUCTION_STATUS S23 generated
PRODUCTION_STATUS S23 media and QA ready
PRODUCTION_STATUS S26 submitting
PRODUCTION_STATUS S26 waiting for a creation slot
PRODUCTION_STATUS S26 queued
[11:59:40] status=in_progress progress=30% (elapsed 0s)
[12:02:00] status=completed progress=100% (elapsed 254s)
PRODUCTION_STATUS S24 generated
PRODUCTION_STATUS S24 media and QA ready
PRODUCTION_STATUS S27 submitting
PRODUCTION_STATUS S27 waiting for a creation slot
PRODUCTION_STATUS S27 queued
[12:02:25] status=in_progress progress=30% (elapsed 0s)
[12:03:03] status=completed progress=100% (elapsed 203s)
PRODUCTION_STATUS S26 generated
PRODUCTION_STATUS S26 media and QA ready
PRODUCTION_STATUS S28 submitting
PRODUCTION_STATUS S28 waiting for a creation slot
PRODUCTION_STATUS S28 queued
[12:03:25] status=in_progress progress=30% (elapsed 0s)
[12:05:48] status=completed progress=100% (elapsed 203s)
PRODUCTION_STATUS S27 generated
PRODUCTION_STATUS S27 media and QA ready
PRODUCTION_STATUS S29 submitting
PRODUCTION_STATUS S29 waiting for a creation slot
PRODUCTION_STATUS S29 queued
[12:06:02] status=in_progress progress=30% (elapsed 0s)
[12:07:13] status=completed progress=100% (elapsed 228s)
PRODUCTION_STATUS S28 generated
PRODUCTION_STATUS S28 media and QA ready
PRODUCTION_STATUS S30 submitting
PRODUCTION_STATUS S30 waiting for a creation slot
PRODUCTION_STATUS S30 queued
[12:07:23] status=in_progress progress=30% (elapsed 0s)
[12:09:25] status=completed progress=100% (elapsed 203s)
PRODUCTION_STATUS S29 generated
PRODUCTION_STATUS S29 media and QA ready
PRODUCTION_STATUS S31 submitting
PRODUCTION_STATUS S31 waiting for a creation slot
PRODUCTION_STATUS S31 queued
[12:09:34] status=in_progress progress=30% (elapsed 0s)
[12:10:46] status=completed progress=100% (elapsed 203s)
PRODUCTION_STATUS S30 generated
PRODUCTION_STATUS S30 media and QA ready
PRODUCTION_STATUS S32 submitting
PRODUCTION_STATUS S32 waiting for a creation slot
PRODUCTION_STATUS S32 queued
[12:10:57] status=in_progress progress=30% (elapsed 0s)
[12:13:23] status=completed progress=100% (elapsed 228s)
PRODUCTION_STATUS S31 generated
PRODUCTION_STATUS S31 media and QA ready
PRODUCTION_STATUS S33 submitting
PRODUCTION_STATUS S33 waiting for a creation slot
PRODUCTION_STATUS S33 queued
[12:13:32] status=in_progress progress=30% (elapsed 0s)
[12:13:58] poll: HTTP 429: too many video status queries (request id: 20261007121357999536043XitZNZaw) (code=429) [1/12]
[12:14:58] status=completed progress=100% (elapsed 241s)
PRODUCTION_STATUS S32 generated
PRODUCTION_STATUS S32 media and QA ready
PRODUCTION_STATUS S34 submitting
PRODUCTION_STATUS S34 waiting for a creation slot
PRODUCTION_STATUS S34 queued
[12:15:11] status=in_progress progress=30% (elapsed 0s)
[12:17:05] status=completed progress=100% (elapsed 212s)
PRODUCTION_STATUS S33 generated
PRODUCTION_STATUS S33 media and QA ready
PRODUCTION_STATUS S35 submitting
PRODUCTION_STATUS S35 waiting for a creation slot
PRODUCTION_STATUS S35 queued
[12:17:21] status=in_progress progress=30% (elapsed 0s)
[12:17:47] poll: HTTP 429: too many video status queries (request id: 2026100712174795526487uSn83II6) (code=429) [1/12]
[12:18:47] status=completed progress=100% (elapsed 216s)
PRODUCTION_STATUS S34 generated
PRODUCTION_STATUS S34 media and QA ready
PRODUCTION_STATUS S37 submitting
PRODUCTION_STATUS S37 waiting for a creation slot
PRODUCTION_STATUS S37 queued
[12:18:57] status=in_progress progress=30% (elapsed 0s)
[12:20:54] status=completed progress=100% (elapsed 212s)
PRODUCTION_STATUS S35 generated
PRODUCTION_STATUS S35 media and QA ready
PRODUCTION_STATUS S38 submitting
PRODUCTION_STATUS S38 waiting for a creation slot
PRODUCTION_STATUS S38 queued
[12:21:11] status=in_progress progress=30% (elapsed 0s)
[12:22:20] status=completed progress=100% (elapsed 203s)
PRODUCTION_STATUS S37 generated
PRODUCTION_STATUS S37 media and QA ready
PRODUCTION_STATUS S39 submitting
PRODUCTION_STATUS S39 waiting for a creation slot
PRODUCTION_STATUS S39 queued
[12:22:30] status=in_progress progress=30% (elapsed 0s)
[12:24:09] status=completed progress=100% (elapsed 178s)
PRODUCTION_STATUS S38 generated
PRODUCTION_STATUS S38 media and QA ready
PRODUCTION_STATUS S40 submitting
PRODUCTION_STATUS S40 waiting for a creation slot
PRODUCTION_STATUS S40 queued
[12:24:20] status=in_progress progress=30% (elapsed 0s)
[12:26:19] status=completed progress=100% (elapsed 228s)
PRODUCTION_STATUS S39 generated
PRODUCTION_STATUS S39 media and QA ready
PRODUCTION_STATUS S42 submitting
PRODUCTION_STATUS S42 waiting for a creation slot
PRODUCTION_STATUS S42 queued
[12:26:29] status=in_progress progress=30% (elapsed 0s)
[12:27:43] status=completed progress=100% (elapsed 203s)
PRODUCTION_STATUS S40 generated
PRODUCTION_STATUS S40 media and QA ready
PRODUCTION_STATUS S44 submitting
PRODUCTION_STATUS S44 waiting for a creation slot
PRODUCTION_STATUS S44 queued
[12:27:55] status=in_progress progress=30% (elapsed 0s)
[12:29:52] status=completed progress=100% (elapsed 203s)
PRODUCTION_STATUS S42 generated
PRODUCTION_STATUS S42 media and QA ready
PRODUCTION_STATUS S45 submitting
PRODUCTION_STATUS S45 waiting for a creation slot
PRODUCTION_STATUS S45 queued
[12:30:05] status=in_progress progress=30% (elapsed 0s)
[12:31:44] status=completed progress=100% (elapsed 228s)
PRODUCTION_STATUS S44 generated
PRODUCTION_STATUS S44 media and QA ready
[12:33:28] status=completed progress=100% (elapsed 203s)
PRODUCTION_STATUS S45 generated
PRODUCTION_STATUS S45 media and QA ready
PRODUCTION_STATUS generation incomplete
