PRODUCTION_STATUS cloud generation started
PRODUCTION_STATUS S01 submitting
PRODUCTION_STATUS S01 waiting for a creation slot
PRODUCTION_STATUS S02 submitting
PRODUCTION_STATUS S02 waiting for a creation slot
PRODUCTION_STATUS S01 queued
[01:02:45] status=in_progress progress=30% (elapsed 0s)
PRODUCTION_STATUS S02 queued
[01:03:59] status=in_progress progress=30% (elapsed 0s)
[01:06:08] status=completed progress=100% (elapsed 203s)
PRODUCTION_STATUS S01 generated
PRODUCTION_STATUS S01 media and QA ready
PRODUCTION_STATUS S03 submitting
PRODUCTION_STATUS S03 waiting for a creation slot
PRODUCTION_STATUS S03 queued
[01:06:22] status=in_progress progress=30% (elapsed 0s)
[01:07:53] status=completed progress=100% (elapsed 233s)
PRODUCTION_STATUS S02 generated
PRODUCTION_STATUS S02 media and QA ready
PRODUCTION_STATUS S04 submitting
PRODUCTION_STATUS S04 waiting for a creation slot
PRODUCTION_STATUS S04 queued
[01:08:05] status=in_progress progress=30% (elapsed 0s)
[01:09:23] poll: HTTP 429: too many video status queries (request id: 20260922010922596269869GC3XFqff) (code=429) [1/12]
[01:10:23] status=completed progress=100% (elapsed 241s)
PRODUCTION_STATUS S03 generated
PRODUCTION_STATUS S03 media and QA ready
PRODUCTION_STATUS S06 submitting
PRODUCTION_STATUS S06 waiting for a creation slot
PRODUCTION_STATUS S06 queued
[01:10:34] status=in_progress progress=30% (elapsed 0s)
[01:11:40] status=completed progress=100% (elapsed 215s)
PRODUCTION_STATUS S04 generated
PRODUCTION_STATUS S04 media and QA ready
PRODUCTION_STATUS S07 submitting
PRODUCTION_STATUS S07 waiting for a creation slot
PRODUCTION_STATUS S07 queued
[01:11:49] status=in_progress progress=30% (elapsed 0s)
[01:13:33] status=completed progress=100% (elapsed 179s)
PRODUCTION_STATUS S06 generated
PRODUCTION_STATUS S06 media and QA ready
PRODUCTION_STATUS S08 submitting
PRODUCTION_STATUS S08 waiting for a creation slot
PRODUCTION_STATUS S08 queued
[01:13:44] status=in_progress progress=30% (elapsed 0s)
[01:15:16] status=completed progress=100% (elapsed 206s)
PRODUCTION_STATUS S07 generated
PRODUCTION_STATUS S07 media and QA ready
PRODUCTION_STATUS S09 submitting
PRODUCTION_STATUS S09 waiting for a creation slot
PRODUCTION_STATUS S09 queued
[01:15:26] status=in_progress progress=30% (elapsed 0s)
[01:18:26] status=completed progress=100% (elapsed 282s)
PRODUCTION_STATUS S08 generated
PRODUCTION_STATUS S08 media and QA ready
PRODUCTION_STATUS S11 submitting
PRODUCTION_STATUS S11 waiting for a creation slot
PRODUCTION_STATUS S11 queued
[01:18:36] status=in_progress progress=30% (elapsed 0s)
[01:18:51] status=completed progress=100% (elapsed 204s)
PRODUCTION_STATUS S09 generated
PRODUCTION_STATUS S09 media and QA ready
PRODUCTION_STATUS S12 submitting
PRODUCTION_STATUS S12 waiting for a creation slot
PRODUCTION_STATUS S12 queued
[01:19:51] status=in_progress progress=30% (elapsed 0s)
[01:22:04] status=completed progress=100% (elapsed 208s)
PRODUCTION_STATUS S11 generated
PRODUCTION_STATUS S11 media and QA ready
PRODUCTION_STATUS S13 submitting
PRODUCTION_STATUS S13 waiting for a creation slot
PRODUCTION_STATUS S13 queued
[01:22:22] status=in_progress progress=30% (elapsed 3s)
[01:22:50] poll: HTTP 429: too many video status queries (request id: 20260922012250385151360vqPS4fyT) (code=429) [1/12]
[01:23:50] poll: HTTP 429: too many video status queries (request id: 20260922012350721517925vELUxvXD) (code=429) [2/12]
[01:24:51] status=completed progress=100% (elapsed 300s)
PRODUCTION_STATUS S12 generated
PRODUCTION_STATUS S12 media and QA ready
PRODUCTION_STATUS S14 submitting
PRODUCTION_STATUS S14 waiting for a creation slot
PRODUCTION_STATUS S14 queued
[01:25:03] status=in_progress progress=30% (elapsed 0s)
[01:25:42] status=completed progress=100% (elapsed 203s)
PRODUCTION_STATUS S13 generated
PRODUCTION_STATUS S13 media and QA ready
PRODUCTION_STATUS S16 submitting
PRODUCTION_STATUS S16 waiting for a creation slot
PRODUCTION_STATUS S16 queued
[01:26:19] status=in_progress progress=30% (elapsed 0s)
[01:28:01] poll: HTTP 429: too many video status queries (request id: 202609220128017934924279YaAKLBm) (code=429) [1/12]
[01:29:27] status=completed progress=100% (elapsed 265s)
PRODUCTION_STATUS S14 generated
PRODUCTION_STATUS S14 media and QA ready
PRODUCTION_STATUS S17 submitting
PRODUCTION_STATUS S17 waiting for a creation slot
PRODUCTION_STATUS S17 queued
[01:29:40] status=in_progress progress=30% (elapsed 1s)
[01:30:19] status=completed progress=100% (elapsed 240s)
PRODUCTION_STATUS S16 generated
PRODUCTION_STATUS S16 media and QA ready
PRODUCTION_STATUS S18 submitting
PRODUCTION_STATUS S18 waiting for a creation slot
PRODUCTION_STATUS S18 queued
[01:30:55] status=in_progress progress=30% (elapsed 0s)
[01:31:24] poll: HTTP 429: too many video status queries (request id: 20260922013124191541877lduQyFst) (code=429) [1/12]
[01:33:41] status=completed progress=100% (elapsed 241s)
PRODUCTION_STATUS S17 generated
PRODUCTION_STATUS S17 media and QA ready
PRODUCTION_STATUS S19 submitting
PRODUCTION_STATUS S19 waiting for a creation slot
PRODUCTION_STATUS S19 queued
[01:33:51] status=in_progress progress=30% (elapsed 0s)
[01:34:32] status=completed progress=100% (elapsed 216s)
PRODUCTION_STATUS S18 generated
PRODUCTION_STATUS S18 media and QA ready
PRODUCTION_STATUS S20 submitting
PRODUCTION_STATUS S20 waiting for a creation slot
PRODUCTION_STATUS S20 queued
[01:35:11] status=in_progress progress=30% (elapsed 0s)
[01:36:53] poll: HTTP 429: too many video status queries (request id: 20260922013653238195004iMyMkb9f) (code=429) [1/12]
[01:37:53] status=completed progress=100% (elapsed 242s)
PRODUCTION_STATUS S19 generated
PRODUCTION_STATUS S19 media and QA ready
PRODUCTION_STATUS S21 submitting
PRODUCTION_STATUS S21 waiting for a creation slot
PRODUCTION_STATUS S21 queued
[01:38:04] status=in_progress progress=30% (elapsed 0s)
[01:38:19] status=completed progress=100% (elapsed 188s)
PRODUCTION_STATUS S20 generated
PRODUCTION_STATUS S20 media and QA ready
PRODUCTION_STATUS S23 submitting
PRODUCTION_STATUS S23 waiting for a creation slot
PRODUCTION_STATUS S23 queued
[01:39:23] status=in_progress progress=30% (elapsed 0s)
[01:41:53] status=completed progress=100% (elapsed 229s)
[01:41:56] poll: HTTP 429: too many video status queries (request id: 20260922014155809299316gqDBLkkv) (code=429) [1/12]
PRODUCTION_STATUS S21 generated
PRODUCTION_STATUS S21 media and QA ready
PRODUCTION_STATUS S24 submitting
PRODUCTION_STATUS S24 waiting for a creation slot
PRODUCTION_STATUS S24 queued
[01:43:03] status=in_progress progress=30% (elapsed 0s)
[01:43:47] status=completed progress=100% (elapsed 263s)
PRODUCTION_STATUS S23 generated
PRODUCTION_STATUS S23 media and QA ready
PRODUCTION_STATUS S25 submitting
PRODUCTION_STATUS S25 waiting for a creation slot
PRODUCTION_STATUS S25 queued
[01:44:13] status=in_progress progress=30% (elapsed 0s)
[01:46:26] status=completed progress=100% (elapsed 203s)
PRODUCTION_STATUS S24 generated
PRODUCTION_STATUS S24 media and QA ready
PRODUCTION_STATUS S27 submitting
PRODUCTION_STATUS S27 waiting for a creation slot
PRODUCTION_STATUS S27 queued
[01:46:38] status=in_progress progress=30% (elapsed 0s)
[01:48:52] status=completed progress=100% (elapsed 279s)
PRODUCTION_STATUS S25 generated
PRODUCTION_STATUS S25 media and QA ready
PRODUCTION_STATUS S28 submitting
PRODUCTION_STATUS S28 waiting for a creation slot
PRODUCTION_STATUS S28 queued
[01:49:01] status=in_progress progress=30% (elapsed 0s)
[01:50:26] status=completed progress=100% (elapsed 228s)
PRODUCTION_STATUS S27 generated
PRODUCTION_STATUS S27 media and QA ready
PRODUCTION_STATUS S29 submitting
PRODUCTION_STATUS S29 waiting for a creation slot
PRODUCTION_STATUS S29 queued
[01:50:49] status=in_progress progress=30% (elapsed 0s)
[01:52:24] status=completed progress=100% (elapsed 203s)
PRODUCTION_STATUS S28 generated
PRODUCTION_STATUS S28 media and QA ready
PRODUCTION_STATUS S31 submitting
PRODUCTION_STATUS S31 waiting for a creation slot
PRODUCTION_STATUS S31 queued
[01:52:35] status=in_progress progress=30% (elapsed 0s)
[01:54:38] status=completed progress=100% (elapsed 228s)
PRODUCTION_STATUS S29 generated
PRODUCTION_STATUS S29 media and QA ready
PRODUCTION_STATUS S32 submitting
PRODUCTION_STATUS S32 waiting for a creation slot
PRODUCTION_STATUS S32 queued
[01:54:52] status=in_progress progress=30% (elapsed 1s)
[01:56:48] status=completed progress=100% (elapsed 253s)
PRODUCTION_STATUS S31 generated
PRODUCTION_STATUS S31 media and QA ready
PRODUCTION_STATUS S34 submitting
PRODUCTION_STATUS S34 waiting for a creation slot
PRODUCTION_STATUS S34 queued
[01:57:04] status=in_progress progress=30% (elapsed 0s)
[01:59:06] status=completed progress=100% (elapsed 254s)
PRODUCTION_STATUS S32 generated
PRODUCTION_STATUS S32 media and QA ready
PRODUCTION_STATUS S36 submitting
PRODUCTION_STATUS S36 waiting for a creation slot
PRODUCTION_STATUS S36 queued
[01:59:25] status=in_progress progress=30% (elapsed 0s)
[02:00:27] status=completed progress=100% (elapsed 203s)
PRODUCTION_STATUS S34 generated
PRODUCTION_STATUS S34 media and QA ready
PRODUCTION_STATUS S37 submitting
PRODUCTION_STATUS S37 waiting for a creation slot
PRODUCTION_STATUS S37 queued
[02:00:38] status=in_progress progress=30% (elapsed 0s)
[02:04:00] status=completed progress=100% (elapsed 203s)
[02:04:04] status=completed progress=100% (elapsed 279s)
PRODUCTION_STATUS S37 generated
PRODUCTION_STATUS S37 media and QA ready
PRODUCTION_STATUS S36 generated
PRODUCTION_STATUS S39 submitting
PRODUCTION_STATUS S39 waiting for a creation slot
PRODUCTION_STATUS S36 media and QA ready
PRODUCTION_STATUS S39 queued
[02:04:14] status=in_progress progress=30% (elapsed 0s)
PRODUCTION_STATUS S41 submitting
PRODUCTION_STATUS S41 waiting for a creation slot
PRODUCTION_STATUS S41 queued
[02:05:28] status=in_progress progress=30% (elapsed 0s)
[02:08:03] status=completed progress=100% (elapsed 229s)
PRODUCTION_STATUS S39 generated
PRODUCTION_STATUS S39 media and QA ready
PRODUCTION_STATUS S42 submitting
PRODUCTION_STATUS S42 waiting for a creation slot
PRODUCTION_STATUS S42 queued
[02:08:22] status=in_progress progress=30% (elapsed 0s)
[02:09:42] status=completed progress=100% (elapsed 253s)
PRODUCTION_STATUS S41 generated
PRODUCTION_STATUS S41 media and QA ready
PRODUCTION_STATUS S43 submitting
PRODUCTION_STATUS S43 waiting for a creation slot
PRODUCTION_STATUS S43 queued
[02:09:54] status=in_progress progress=30% (elapsed 0s)
[02:12:36] status=completed progress=100% (elapsed 254s)
PRODUCTION_STATUS S42 generated
PRODUCTION_STATUS S42 media and QA ready
PRODUCTION_STATUS S44 submitting
PRODUCTION_STATUS S44 waiting for a creation slot
PRODUCTION_STATUS S44 queued
[02:12:46] status=in_progress progress=30% (elapsed 0s)
[02:15:24] status=completed progress=100% (elapsed 330s)
PRODUCTION_STATUS S43 generated
PRODUCTION_STATUS S43 media and QA ready
[02:16:09] status=completed progress=100% (elapsed 203s)
PRODUCTION_STATUS S44 generated
PRODUCTION_STATUS S44 media and QA ready
PRODUCTION_STATUS preparing cloud edit
PRODUCTION_STATUS rendering first cut
Warning: You are sending unauthenticated requests to the HF Hub. Please set a HF_TOKEN to enable higher rate limits and faster downloads.
[0;93m2026-09-22 02:16:35.785395200 [W:onnxruntime:Default, device_discovery.cc:146 GetPciBusId] Skipping pci_bus_id for PCI path at "/sys/devices/LNXSYSTM:00/LNXSYBUS:00/ACPI0004:00/MSFT1000:00/5620e0c7-8062-4dce-aeb7-520c7ef76171" because filename "5620e0c7-8062-4dce-aeb7-520c7ef76171" did not match expected pattern of [0-9a-f]+:[0-9a-f]+:[0-9a-f]+[.][0-9a-f]+[m
ASR_TIMING_READY N01
ASR_TIMING_READY N02
ASR_TIMING_READY N03
ASR_TIMING_READY N04
ASR_TIMING_READY N05
ASR_TIMING_READY N06
RENDER_SEGMENT 1/46 S01
RENDER_SEGMENT 2/46 S02
RENDER_SEGMENT 3/46 S03
RENDER_SEGMENT 4/46 S04
RENDER_SEGMENT 5/46 S05
RENDER_SEGMENT 6/46 S06
RENDER_SEGMENT 7/46 S07
RENDER_SEGMENT 8/46 S08
RENDER_SEGMENT 9/46 S09
RENDER_SEGMENT 10/46 S10
RENDER_SEGMENT 11/46 S11
RENDER_SEGMENT 12/46 S12
RENDER_SEGMENT 13/46 S13
RENDER_SEGMENT 14/46 S14
RENDER_SEGMENT 15/46 S15
RENDER_SEGMENT 16/46 S16
RENDER_SEGMENT 17/46 S17
RENDER_SEGMENT 18/46 S18
RENDER_SEGMENT 19/46 S19
RENDER_SEGMENT 20/46 S20
RENDER_SEGMENT 21/46 S21
RENDER_SEGMENT 22/46 S22
RENDER_SEGMENT 23/46 S23
RENDER_SEGMENT 24/46 S24
RENDER_SEGMENT 25/46 S25
RENDER_SEGMENT 26/46 S26
RENDER_SEGMENT 27/46 S27
RENDER_SEGMENT 28/46 S28
RENDER_SEGMENT 29/46 S29
RENDER_SEGMENT 30/46 S30
RENDER_SEGMENT 31/46 S31
RENDER_SEGMENT 32/46 S32
RENDER_SEGMENT 33/46 S33
RENDER_SEGMENT 34/46 S34
RENDER_SEGMENT 35/46 S35
RENDER_SEGMENT 36/46 S36
RENDER_SEGMENT 37/46 S37
RENDER_SEGMENT 38/46 S38
RENDER_SEGMENT 39/46 S39
RENDER_SEGMENT 40/46 S40
RENDER_SEGMENT 41/46 S41
RENDER_SEGMENT 42/46 S42
RENDER_SEGMENT 43/46 S43
RENDER_SEGMENT 44/46 S44
RENDER_SEGMENT 45/46 S45
RENDER_SEGMENT 46/46 END
[concat @ 0x55bb19af9e80] Impossible to open '/home/runner/work/desktop-tutorial/desktop-tutorial/work/shipman/edit/segments/000.mp4nfile'
[in#0 @ 0x55bb19af9d80] Error opening input: No such file or directory
Error opening input file /home/runner/work/desktop-tutorial/desktop-tutorial/work/shipman/edit/concat.txt.
Error opening input files: No such file or directory
Traceback (most recent call last):
  File "/home/runner/work/desktop-tutorial/desktop-tutorial/production/shipman/render.py", line 413, in <module>
    if __name__=='__main__':main()
                            ^^^^^^
  File "/home/runner/work/desktop-tutorial/desktop-tutorial/production/shipman/render.py", line 364, in main
    run(['ffmpeg','-y','-v','error','-f','concat','-safe','0','-i',concat,'-c','copy',image_track])
  File "/home/runner/work/desktop-tutorial/desktop-tutorial/production/shipman/render.py", line 49, in run
    return subprocess.run([str(x) for x in args], check=True, capture_output=capture, text=capture)
           ^^^^^^^^^^^^^^^^^^^^^^^^^^^^^^^^^^^^^^^^^^^^^^^^^^^^^^^^^^^^^^^^^^^^^^^^^^^^^^^^^^^^^^^^
  File "/opt/hostedtoolcache/Python/3.11.16/x64/lib/python3.11/subprocess.py", line 571, in run
    raise CalledProcessError(retcode, process.args,
subprocess.CalledProcessError: Command '['ffmpeg', '-y', '-v', 'error', '-f', 'concat', '-safe', '0', '-i', '/home/runner/work/desktop-tutorial/desktop-tutorial/work/shipman/edit/concat.txt', '-c', 'copy', '/home/runner/work/desktop-tutorial/desktop-tutorial/work/shipman/edit/image-track.mp4']' returned non-zero exit status 254.
PRODUCTION_STATUS pipeline stopped
Traceback (most recent call last):
  File "/home/runner/work/desktop-tutorial/desktop-tutorial/production/shipman/generate.py", line 297, in <module>
    if __name__=='__main__':raise SystemExit(main())
                                             ^^^^^^
  File "/home/runner/work/desktop-tutorial/desktop-tutorial/production/shipman/generate.py", line 258, in main
    subprocess.run([str(python),str(Path(__file__).with_name('render.py')),
  File "/opt/hostedtoolcache/Python/3.11.16/x64/lib/python3.11/subprocess.py", line 571, in run
    raise CalledProcessError(retcode, process.args,
subprocess.CalledProcessError: Command '['/home/runner/work/desktop-tutorial/desktop-tutorial/work/shipman/render-env/bin/python', '/home/runner/work/desktop-tutorial/desktop-tutorial/production/shipman/render.py', '--sources', '/home/runner/work/desktop-tutorial/desktop-tutorial/work/shipman/sources', '--work', '/home/runner/work/desktop-tutorial/desktop-tutorial/work/shipman/edit', '--output', '/home/runner/work/desktop-tutorial/desktop-tutorial/work/shipman/edit/first-cut.mp4']' returned non-zero exit status 1.
