PRODUCTION_STATUS cloud generation started
PRODUCTION_STATUS S01 submitting
PRODUCTION_STATUS S01 waiting for a creation slot
PRODUCTION_STATUS S02 submitting
PRODUCTION_STATUS S02 waiting for a creation slot
PRODUCTION_STATUS S01 queued
[01:47:12] status=in_progress progress=30% (elapsed 0s)
PRODUCTION_STATUS S02 queued
[01:48:25] status=in_progress progress=30% (elapsed 0s)
[01:50:34] status=completed progress=100% (elapsed 202s)
PRODUCTION_STATUS S01 generated
PRODUCTION_STATUS S01 media and QA ready
PRODUCTION_STATUS S03 submitting
PRODUCTION_STATUS S03 waiting for a creation slot
PRODUCTION_STATUS S03 queued
[01:50:49] status=in_progress progress=30% (elapsed 0s)
[01:52:39] status=completed progress=100% (elapsed 254s)
PRODUCTION_STATUS S02 generated
PRODUCTION_STATUS S02 media and QA ready
PRODUCTION_STATUS S04 submitting
PRODUCTION_STATUS S04 waiting for a creation slot
PRODUCTION_STATUS S04 queued
[01:52:49] status=in_progress progress=30% (elapsed 0s)
[01:54:37] status=completed progress=100% (elapsed 228s)
PRODUCTION_STATUS S03 generated
PRODUCTION_STATUS S03 media and QA ready
PRODUCTION_STATUS S06 submitting
PRODUCTION_STATUS S06 waiting for a creation slot
PRODUCTION_STATUS S06 queued
[01:54:48] status=in_progress progress=30% (elapsed 1s)
[01:56:12] status=completed progress=100% (elapsed 203s)
PRODUCTION_STATUS S04 generated
PRODUCTION_STATUS S04 media and QA ready
PRODUCTION_STATUS S07 submitting
PRODUCTION_STATUS S07 waiting for a creation slot
PRODUCTION_STATUS S07 queued
[01:56:23] status=in_progress progress=30% (elapsed 0s)
[01:58:35] status=completed progress=100% (elapsed 228s)
PRODUCTION_STATUS S06 generated
PRODUCTION_STATUS S06 media and QA ready
PRODUCTION_STATUS S08 submitting
PRODUCTION_STATUS S08 waiting for a creation slot
PRODUCTION_STATUS S08 queued
[01:58:46] status=in_progress progress=30% (elapsed 0s)
[01:59:46] status=completed progress=100% (elapsed 202s)
PRODUCTION_STATUS S07 generated
PRODUCTION_STATUS S07 media and QA ready
PRODUCTION_STATUS S10 submitting
PRODUCTION_STATUS S10 waiting for a creation slot
PRODUCTION_STATUS S10 queued
[02:00:01] status=in_progress progress=30% (elapsed 0s)
[02:02:35] status=completed progress=100% (elapsed 228s)
PRODUCTION_STATUS S08 generated
PRODUCTION_STATUS S08 media and QA ready
PRODUCTION_STATUS S11 submitting
PRODUCTION_STATUS S11 waiting for a creation slot
PRODUCTION_STATUS S11 queued
[02:02:45] status=in_progress progress=30% (elapsed 0s)
[02:03:24] status=completed progress=100% (elapsed 203s)
PRODUCTION_STATUS S10 generated
PRODUCTION_STATUS S10 media and QA ready
PRODUCTION_STATUS S12 submitting
PRODUCTION_STATUS S12 waiting for a creation slot
PRODUCTION_STATUS S12 queued
[02:04:00] status=in_progress progress=30% (elapsed 0s)
[02:06:59] status=completed progress=100% (elapsed 254s)
PRODUCTION_STATUS S11 generated
PRODUCTION_STATUS S11 media and QA ready
PRODUCTION_STATUS S13 submitting
PRODUCTION_STATUS S13 waiting for a creation slot
PRODUCTION_STATUS S13 queued
[02:07:10] status=in_progress progress=30% (elapsed 0s)
[02:07:49] status=completed progress=100% (elapsed 228s)
PRODUCTION_STATUS S12 generated
PRODUCTION_STATUS S12 media and QA ready
PRODUCTION_STATUS S14 submitting
PRODUCTION_STATUS S14 waiting for a creation slot
PRODUCTION_STATUS S14 queued
[02:08:25] status=in_progress progress=30% (elapsed 0s)
[02:10:33] status=completed progress=100% (elapsed 202s)
PRODUCTION_STATUS S13 generated
PRODUCTION_STATUS S13 media and QA ready
PRODUCTION_STATUS S15 submitting
PRODUCTION_STATUS S15 waiting for a creation slot
PRODUCTION_STATUS S15 queued
[02:10:46] status=in_progress progress=30% (elapsed 0s)
[02:12:13] status=completed progress=100% (elapsed 228s)
PRODUCTION_STATUS S14 generated
PRODUCTION_STATUS S14 media and QA ready
PRODUCTION_STATUS S16 submitting
PRODUCTION_STATUS S16 waiting for a creation slot
PRODUCTION_STATUS S16 queued
[02:12:27] status=in_progress progress=30% (elapsed 0s)
[02:13:17] poll: HTTP 429: too many video status queries (request id: 20260923021317722913654IUfYlubG) (code=429) [1/12]
[02:15:09] status=completed progress=100% (elapsed 263s)
PRODUCTION_STATUS S15 generated
PRODUCTION_STATUS S15 media and QA ready
PRODUCTION_STATUS S17 submitting
PRODUCTION_STATUS S17 waiting for a creation slot
PRODUCTION_STATUS S17 queued
[02:15:19] status=in_progress progress=30% (elapsed 0s)
[02:16:24] status=completed progress=100% (elapsed 237s)
PRODUCTION_STATUS S16 generated
PRODUCTION_STATUS S16 media and QA ready
PRODUCTION_STATUS S18 submitting
PRODUCTION_STATUS S18 waiting for a creation slot
PRODUCTION_STATUS S18 queued
[02:16:35] status=in_progress progress=30% (elapsed 0s)
[02:19:32] status=completed progress=100% (elapsed 177s)
[02:19:33] status=completed progress=100% (elapsed 254s)
PRODUCTION_STATUS S18 generated
PRODUCTION_STATUS S17 generated
PRODUCTION_STATUS S18 media and QA ready
PRODUCTION_STATUS S17 media and QA ready
PRODUCTION_STATUS S19 submitting
PRODUCTION_STATUS S19 waiting for a creation slot
PRODUCTION_STATUS S21 submitting
PRODUCTION_STATUS S21 waiting for a creation slot
PRODUCTION_STATUS S19 queued
[02:19:48] status=in_progress progress=30% (elapsed 0s)
PRODUCTION_STATUS S21 queued
[02:21:01] status=in_progress progress=30% (elapsed 0s)
[02:23:10] status=completed progress=100% (elapsed 202s)
PRODUCTION_STATUS S19 generated
PRODUCTION_STATUS S19 media and QA ready
PRODUCTION_STATUS S22 submitting
PRODUCTION_STATUS S22 waiting for a creation slot
PRODUCTION_STATUS S22 queued
[02:23:20] status=in_progress progress=30% (elapsed 0s)
[02:24:49] status=completed progress=100% (elapsed 228s)
PRODUCTION_STATUS S21 generated
PRODUCTION_STATUS S21 media and QA ready
PRODUCTION_STATUS S23 submitting
PRODUCTION_STATUS S23 waiting for a creation slot
PRODUCTION_STATUS S23 queued
[02:25:01] status=in_progress progress=30% (elapsed 0s)
[02:27:08] status=completed progress=100% (elapsed 228s)
PRODUCTION_STATUS S22 generated
PRODUCTION_STATUS S22 media and QA ready
PRODUCTION_STATUS S25 submitting
PRODUCTION_STATUS S25 waiting for a creation slot
PRODUCTION_STATUS S25 queued
[02:27:21] status=in_progress progress=30% (elapsed 0s)
[02:28:23] status=completed progress=100% (elapsed 202s)
PRODUCTION_STATUS S23 generated
PRODUCTION_STATUS S23 media and QA ready
PRODUCTION_STATUS S26 submitting
PRODUCTION_STATUS S26 waiting for a creation slot
PRODUCTION_STATUS S26 queued
[02:28:34] status=in_progress progress=30% (elapsed 0s)
[02:30:43] status=completed progress=100% (elapsed 202s)
PRODUCTION_STATUS S25 generated
PRODUCTION_STATUS S25 media and QA ready
PRODUCTION_STATUS S27 submitting
PRODUCTION_STATUS S27 waiting for a creation slot
PRODUCTION_STATUS S27 queued
[02:30:57] status=in_progress progress=30% (elapsed 0s)
[02:33:14] status=completed progress=100% (elapsed 280s)
PRODUCTION_STATUS S26 generated
PRODUCTION_STATUS S26 media and QA ready
PRODUCTION_STATUS S28 submitting
PRODUCTION_STATUS S28 waiting for a creation slot
PRODUCTION_STATUS S28 queued
[02:33:26] status=in_progress progress=30% (elapsed 0s)
[02:34:46] status=completed progress=100% (elapsed 228s)
PRODUCTION_STATUS S27 generated
PRODUCTION_STATUS S27 media and QA ready
PRODUCTION_STATUS S29 submitting
PRODUCTION_STATUS S29 waiting for a creation slot
PRODUCTION_STATUS S29 queued
[02:34:56] status=in_progress progress=30% (elapsed 0s)
[02:37:14] status=completed progress=100% (elapsed 228s)
PRODUCTION_STATUS S28 generated
PRODUCTION_STATUS S28 media and QA ready
PRODUCTION_STATUS S30 submitting
PRODUCTION_STATUS S30 waiting for a creation slot
PRODUCTION_STATUS S30 queued
[02:37:24] status=in_progress progress=30% (elapsed 0s)
[02:38:44] status=completed progress=100% (elapsed 228s)
PRODUCTION_STATUS S29 generated
PRODUCTION_STATUS S29 media and QA ready
PRODUCTION_STATUS S31 submitting
PRODUCTION_STATUS S31 waiting for a creation slot
PRODUCTION_STATUS S31 queued
[02:38:55] status=in_progress progress=30% (elapsed 0s)
[02:41:11] status=completed progress=100% (elapsed 228s)
PRODUCTION_STATUS S30 generated
PRODUCTION_STATUS S30 media and QA ready
PRODUCTION_STATUS S32 submitting
PRODUCTION_STATUS S32 waiting for a creation slot
PRODUCTION_STATUS S32 queued
[02:41:23] status=in_progress progress=30% (elapsed 0s)
[02:42:17] status=completed progress=100% (elapsed 202s)
PRODUCTION_STATUS S31 generated
PRODUCTION_STATUS S31 media and QA ready
PRODUCTION_STATUS S33 submitting
PRODUCTION_STATUS S33 waiting for a creation slot
PRODUCTION_STATUS S33 queued
[02:42:37] status=in_progress progress=30% (elapsed 0s)
[02:45:11] status=completed progress=100% (elapsed 228s)
PRODUCTION_STATUS S32 generated
PRODUCTION_STATUS S32 media and QA ready
PRODUCTION_STATUS S34 submitting
PRODUCTION_STATUS S34 waiting for a creation slot
PRODUCTION_STATUS S34 queued
[02:45:21] status=in_progress progress=30% (elapsed 0s)
[02:46:00] status=completed progress=100% (elapsed 203s)
PRODUCTION_STATUS S33 generated
PRODUCTION_STATUS S33 media and QA ready
PRODUCTION_STATUS S35 submitting
PRODUCTION_STATUS S35 waiting for a creation slot
PRODUCTION_STATUS S35 queued
[02:46:37] poll: HTTP 429: too many video status queries (request id: 20260923024637587937799XEMAg7Vr) (code=429) [1/12]
[02:46:38] status=in_progress progress=30% (elapsed 1s)
[02:48:28] status=completed progress=100% (elapsed 187s)
PRODUCTION_STATUS S34 generated
PRODUCTION_STATUS S34 media and QA ready
PRODUCTION_STATUS S36 submitting
PRODUCTION_STATUS S36 waiting for a creation slot
PRODUCTION_STATUS S36 queued
[02:48:40] status=in_progress progress=30% (elapsed 0s)
[02:50:35] status=completed progress=100% (elapsed 238s)
PRODUCTION_STATUS S35 generated
PRODUCTION_STATUS S35 media and QA ready
PRODUCTION_STATUS S39 submitting
PRODUCTION_STATUS S39 waiting for a creation slot
PRODUCTION_STATUS S39 queued
[02:50:47] status=in_progress progress=30% (elapsed 0s)
[02:50:47] poll: HTTP 429: too many video status queries (request id: 202609230250473152932317t2bPduE) (code=429) [1/12]
[02:52:13] status=completed progress=100% (elapsed 212s)
PRODUCTION_STATUS S36 generated
PRODUCTION_STATUS S36 media and QA ready
PRODUCTION_STATUS S40 submitting
PRODUCTION_STATUS S40 waiting for a creation slot
PRODUCTION_STATUS S40 queued
[02:52:23] status=in_progress progress=30% (elapsed 0s)
[02:54:45] status=completed progress=100% (elapsed 238s)
PRODUCTION_STATUS S39 generated
PRODUCTION_STATUS S39 media and QA ready
PRODUCTION_STATUS S41 submitting
PRODUCTION_STATUS S41 waiting for a creation slot
PRODUCTION_STATUS S41 queued
[02:54:56] status=in_progress progress=30% (elapsed 0s)
[02:55:22] poll: HTTP 429: too many video status queries (request id: 202609230255221070103223et6vQiM) (code=429) [1/12]
[02:57:13] status=completed progress=100% (elapsed 290s)
PRODUCTION_STATUS S40 generated
PRODUCTION_STATUS S40 media and QA ready
PRODUCTION_STATUS S43 submitting
PRODUCTION_STATUS S43 waiting for a creation slot
PRODUCTION_STATUS S43 queued
[02:57:26] status=in_progress progress=30% (elapsed 1s)
[02:58:29] status=completed progress=100% (elapsed 213s)
PRODUCTION_STATUS S41 generated
PRODUCTION_STATUS S41 media and QA ready
PRODUCTION_STATUS S44 submitting
PRODUCTION_STATUS S44 waiting for a creation slot
PRODUCTION_STATUS S44 queued
[02:58:46] status=in_progress progress=30% (elapsed 0s)
[03:00:27] poll: HTTP 429: too many video status queries (request id: 20260923030027701718155LbGzQQGv) (code=429) [1/12]
[03:01:28] status=completed progress=100% (elapsed 243s)
PRODUCTION_STATUS S43 generated
PRODUCTION_STATUS S43 media and QA ready
PRODUCTION_STATUS S45 submitting
PRODUCTION_STATUS S45 waiting for a creation slot
PRODUCTION_STATUS S45 queued
[03:01:39] status=in_progress progress=30% (elapsed 0s)
[03:02:44] status=completed progress=100% (elapsed 238s)
PRODUCTION_STATUS S44 generated
PRODUCTION_STATUS S44 media and QA ready
[03:05:02] status=completed progress=100% (elapsed 203s)
PRODUCTION_STATUS S45 generated
PRODUCTION_STATUS S45 media and QA ready
PRODUCTION_STATUS preparing cloud edit
PRODUCTION_STATUS rendering first cut
Traceback (most recent call last):
  File "/home/runner/work/desktop-tutorial/desktop-tutorial/production/nilsen/render.py", line 489, in <module>
    if __name__=='__main__':main()
                            ^^^^^^
  File "/home/runner/work/desktop-tutorial/desktop-tutorial/production/nilsen/render.py", line 409, in main
    raise RuntimeError(f'Missing or unverified Agnes footage: {sid}; refusing to substitute an image/slideshow')
RuntimeError: Missing or unverified Agnes footage: S04; refusing to substitute an image/slideshow
PRODUCTION_STATUS pipeline stopped
Traceback (most recent call last):
  File "/home/runner/work/desktop-tutorial/desktop-tutorial/production/nilsen/generate.py", line 311, in <module>
    if __name__=='__main__':raise SystemExit(main())
                                             ^^^^^^
  File "/home/runner/work/desktop-tutorial/desktop-tutorial/production/nilsen/generate.py", line 272, in main
    subprocess.run([str(python),str(Path(__file__).with_name('render.py')),
  File "/opt/hostedtoolcache/Python/3.11.16/x64/lib/python3.11/subprocess.py", line 571, in run
    raise CalledProcessError(retcode, process.args,
subprocess.CalledProcessError: Command '['/home/runner/work/desktop-tutorial/desktop-tutorial/work/nilsen/render-env/bin/python', '/home/runner/work/desktop-tutorial/desktop-tutorial/production/nilsen/render.py', '--sources', '/home/runner/work/desktop-tutorial/desktop-tutorial/work/nilsen/sources', '--work', '/home/runner/work/desktop-tutorial/desktop-tutorial/work/nilsen/edit', '--output', '/home/runner/work/desktop-tutorial/desktop-tutorial/work/nilsen/edit/first-cut.mp4']' returned non-zero exit status 1.
