=== 项目 nilsen / 分支 arena/01a0ce3e-desktop-tutorial / 成片 work/nilsen/克兰利花园23号_下水道里的十五个人_三分钟_带声音.mp4 ===
=== 1/5 校验计划与配音来源（闸门一）===
VALID: 180-second plan; 45 shots; 38 Agnes sources; 7 graphics; 0 archival; narration hashes match
=== 2/5 按 SHA-256 回填已生成素材（不重新生成、不消耗额度）===
FETCH S01 https://platform-outputs.agnes-ai.space/videos/agnes-video-v2.0/video_5d13a46c72e143039a7947e0c8b6788e.mp4
  OK S01 2266501 bytes / 7.04s
FETCH S02 https://cos-platform-outputs.agnes-ai.cn/videos/agnes-video-v2.0/video_d761a3d122a94de9be43f7817ed01bcc.mp4
  OK S02 2048030 bytes / 7.04s
MISSING_RECEIPT S03: no verified generation to fetch
FETCH S04 https://cos-platform-outputs.agnes-ai.cn/videos/agnes-video-v2.0/video_8d001a20f2cd45a1a9be5ed1494680ee.mp4
  OK S04 1792222 bytes / 7.04s
FETCH S06 https://cos-platform-outputs.agnes-ai.cn/videos/agnes-video-v2.0/video_498960d71c1e4446bf2b53a3879fcd04.mp4
  OK S06 2990069 bytes / 7.04s
FETCH S07 https://platform-outputs.agnes-ai.space/videos/agnes-video-v2.0/video_d3e6568c69284fd8aff40e9b5846d475.mp4
  OK S07 1936139 bytes / 7.04s
FETCH S08 https://cos-platform-outputs.agnes-ai.cn/videos/agnes-video-v2.0/video_5c73e21d5eb340d4a107647f549dffe1.mp4
  OK S08 3961795 bytes / 7.04s
FETCH S10 https://platform-outputs.agnes-ai.space/videos/agnes-video-v2.0/video_83726a85dddf42a29ac674d005150280.mp4
  OK S10 4370502 bytes / 7.04s
FETCH S11 https://platform-outputs.agnes-ai.space/videos/agnes-video-v2.0/video_e72cf7047dbd42d5a2c2426a906923a7.mp4
  OK S11 3595350 bytes / 7.04s
FETCH S12 https://cos-platform-outputs.agnes-ai.cn/videos/agnes-video-v2.0/video_0c44f533022d4fb182a37a4f3855e781.mp4
  OK S12 2635598 bytes / 7.04s
FETCH S13 https://cos-platform-outputs.agnes-ai.cn/videos/agnes-video-v2.0/video_6ea5b83112b64682a44fa3ecab69e1f6.mp4
  OK S13 2480860 bytes / 7.04s
FETCH S14 https://platform-outputs.agnes-ai.space/videos/agnes-video-v2.0/video_bcccf17582bc4ea69745c5636b259177.mp4
  OK S14 4161021 bytes / 7.04s
FETCH S15 https://cos-platform-outputs.agnes-ai.cn/videos/agnes-video-v2.0/video_a7574fd1b4f644e9b5ef9cb08ee5ecac.mp4
  OK S15 2420415 bytes / 7.04s
FETCH S16 https://cos-platform-outputs.agnes-ai.cn/videos/agnes-video-v2.0/video_2ef70f45a12e406fb6a0e2a8b5479521.mp4
  OK S16 1973599 bytes / 7.04s
FETCH S17 https://cos-platform-outputs.agnes-ai.cn/videos/agnes-video-v2.0/video_bd30e39cfd2c40bb926a845e5d343f09.mp4
  OK S17 1650874 bytes / 7.04s
FETCH S18 https://cos-platform-outputs.agnes-ai.cn/videos/agnes-video-v2.0/video_ccdd1b2760ad419ea86f53b078483dab.mp4
  OK S18 1298750 bytes / 7.04s
FETCH S19 https://platform-outputs.agnes-ai.space/videos/agnes-video-v2.0/video_4d96b08eef7344498f9d8395b843ffe6.mp4
  OK S19 2609761 bytes / 7.04s
FETCH S21 https://cos-platform-outputs.agnes-ai.cn/videos/agnes-video-v2.0/video_86a3b7005b444fe885f5283b318e1c9e.mp4
  OK S21 4111572 bytes / 7.04s
FETCH S22 https://platform-outputs.agnes-ai.space/videos/agnes-video-v2.0/video_36473a74a4d14bcb82a8510db7f7639f.mp4
  OK S22 1665375 bytes / 7.04s
FETCH S23 https://cos-platform-outputs.agnes-ai.cn/videos/agnes-video-v2.0/video_c01383a455e448ec9b3d0350e4dbc8df.mp4
  OK S23 2096855 bytes / 7.04s
FETCH S25 https://platform-outputs.agnes-ai.space/videos/agnes-video-v2.0/video_67fefd3f0332439a909c5074d0cc29b6.mp4
  OK S25 2168134 bytes / 7.04s
FETCH S26 https://cos-platform-outputs.agnes-ai.cn/videos/agnes-video-v2.0/video_1be1f5c3d5184b6cae5ac1c89b541b96.mp4
  OK S26 3488733 bytes / 7.04s
FETCH S27 https://cos-platform-outputs.agnes-ai.cn/videos/agnes-video-v2.0/video_0c69925c312e43f2ac1f81624c4fe3e5.mp4
  OK S27 1835346 bytes / 7.04s
FETCH S28 https://platform-outputs.agnes-ai.space/videos/agnes-video-v2.0/video_a6ebdafa39194951b06f9268ade48c70.mp4
  OK S28 2170034 bytes / 7.04s
FETCH S29 https://platform-outputs.agnes-ai.space/videos/agnes-video-v2.0/video_24f68a50ea1c466cbc764c88ddcc2629.mp4
  OK S29 3437943 bytes / 7.04s
FETCH S30 https://platform-outputs.agnes-ai.space/videos/agnes-video-v2.0/video_09bb0c77a4644026a41927385ab1d8d0.mp4
  OK S30 2019730 bytes / 7.04s
FETCH S31 https://cos-platform-outputs.agnes-ai.cn/videos/agnes-video-v2.0/video_780606d24cf9433298b60a296d2c496c.mp4
  OK S31 3295740 bytes / 7.04s
FETCH S32 https://cos-platform-outputs.agnes-ai.cn/videos/agnes-video-v2.0/video_cd0cb36219674487880f7575d45a8b9f.mp4
  OK S32 2285223 bytes / 7.04s
FETCH S33 https://platform-outputs.agnes-ai.space/videos/agnes-video-v2.0/video_2afa60c39a574d608d5b7feb9b911456.mp4
  OK S33 1644357 bytes / 7.04s
FETCH S34 https://cos-platform-outputs.agnes-ai.cn/videos/agnes-video-v2.0/video_7ea7ac21ede6450d930b8a71c3c663f9.mp4
  OK S34 3104566 bytes / 7.04s
FETCH S35 https://cos-platform-outputs.agnes-ai.cn/videos/agnes-video-v2.0/video_6a5cecefe5974497bae125e57fa8ae89.mp4
  OK S35 3541755 bytes / 7.04s
FETCH S36 https://platform-outputs.agnes-ai.space/videos/agnes-video-v2.0/video_939ec789e70c4e64b67d91b39b465a99.mp4
  OK S36 1421461 bytes / 7.04s
FETCH S39 https://cos-platform-outputs.agnes-ai.cn/videos/agnes-video-v2.0/video_47a600e64edf4f1d9155661cb6593ef6.mp4
  OK S39 2441620 bytes / 7.04s
FETCH S40 https://cos-platform-outputs.agnes-ai.cn/videos/agnes-video-v2.0/video_c4b6f8d44f9e427cb1bbb5b9241a314b.mp4
  OK S40 2087177 bytes / 7.04s
FETCH S41 https://platform-outputs.agnes-ai.space/videos/agnes-video-v2.0/video_d4177e454c7944f69a7258e1a97885de.mp4
  OK S41 3300511 bytes / 7.04s
FETCH S43 https://platform-outputs.agnes-ai.space/videos/agnes-video-v2.0/video_30b6cae6c1414cf2ae9a7919a7accbdc.mp4
  OK S43 3793357 bytes / 7.04s
FETCH S44 https://platform-outputs.agnes-ai.space/videos/agnes-video-v2.0/video_0ef5dca73f994256990e6cee85c983a8.mp4
  OK S44 2476328 bytes / 7.04s
FETCH S45 https://platform-outputs.agnes-ai.space/videos/agnes-video-v2.0/video_743b2b393f2b43808380a9deeb553bd4.mp4
  OK S45 2223750 bytes / 7.04s
Traceback (most recent call last):
  File "/home/runner/work/desktop-tutorial/desktop-tutorial/production/nilsen/fetch_sources.py", line 114, in <module>
    raise SystemExit(main())
                     ^^^^^^
  File "/home/runner/work/desktop-tutorial/desktop-tutorial/production/nilsen/fetch_sources.py", line 103, in main
    raise RuntimeError("Clips without a verified generation (regeneration required): "
RuntimeError: Clips without a verified generation (regeneration required): S03
