=== 项目 jeong2000 / 分支 arena/f5c619e4-desktop-tutorial / 成片 work/jeong2000/郑斗英_十个月，九条人命_三分钟_带声音.mp4 ===
=== 1/5 校验计划与配音来源（闸门一）===
VALID: 180-second plan; 45 shots; 38 CogVideoX-Flash sources; 7 graphics; narration hashes match
=== 2/5 按 SHA-256 回填已生成素材（不重新生成、不消耗额度）===
FETCH S01 https://maas-watermark-prod-new.cn-wlcb.ufileos.com/2026101019273021eadbc55ccb4077_watermark.mp4?UCloudPublicKey=TOKEN_6df395df-5d8c-4f69-90f8-a4fe46088958&Signature=YQYDt558G2mX7sbI%2F9%2F2dyz8Y5E%3D&Expires=1791718052
  OK S01 1125172 bytes / 5.11s
FETCH S02 https://maas-watermark-prod-new.cn-wlcb.ufileos.com/20261010192840c284f5c48eea4613_watermark.mp4?UCloudPublicKey=TOKEN_6df395df-5d8c-4f69-90f8-a4fe46088958&Signature=uvHhjd3oDEw2aIJeuH%2BUrHOoEMQ%3D&Expires=1791718121
  OK S02 960506 bytes / 5.11s
FETCH S04 https://maas-watermark-prod-new.cn-wlcb.ufileos.com/20261010192950464d9a054385412d_watermark.mp4?UCloudPublicKey=TOKEN_6df395df-5d8c-4f69-90f8-a4fe46088958&Signature=BxyEu4sNH1DEpadTXbwbD66bXqc%3D&Expires=1791718192
  OK S04 1224801 bytes / 5.11s
FETCH S05 https://maas-watermark-prod-new.cn-wlcb.ufileos.com/20261010193130693557d358c140f0_watermark.mp4?UCloudPublicKey=TOKEN_6df395df-5d8c-4f69-90f8-a4fe46088958&Signature=rwVzkZJZJhZVUxEA7PAFhF%2Ban90%3D&Expires=1791718292
  OK S05 1259394 bytes / 5.11s
FETCH S06 https://maas-watermark-prod-new.cn-wlcb.ufileos.com/202610101932502793d89df2ca4b1e_watermark.mp4?UCloudPublicKey=TOKEN_6df395df-5d8c-4f69-90f8-a4fe46088958&Signature=B5mWj3algZbMxe5FSC631JljbUY%3D&Expires=1791718371
  OK S06 1644804 bytes / 5.11s
FETCH S07 https://maas-watermark-prod-new.cn-wlcb.ufileos.com/20261010193400e5b51fccc5634741_watermark.mp4?UCloudPublicKey=TOKEN_6df395df-5d8c-4f69-90f8-a4fe46088958&Signature=LGULwdbyll3nKfepjhUzMWxtW0U%3D&Expires=1791718442
  OK S07 999774 bytes / 5.11s
FETCH S08 https://maas-watermark-prod-new.cn-wlcb.ufileos.com/20261010202840985052a0aed24b20_watermark.mp4?UCloudPublicKey=TOKEN_6df395df-5d8c-4f69-90f8-a4fe46088958&Signature=mdLQfVAtlD6oSDqXvwoX0UcWVuY%3D&Expires=1791721723
  OK S08 1121034 bytes / 5.11s
FETCH S09 https://maas-watermark-prod-new.cn-wlcb.ufileos.com/202610101936504a66841130b443fa_watermark.mp4?UCloudPublicKey=TOKEN_6df395df-5d8c-4f69-90f8-a4fe46088958&Signature=nHiE7yLfVKXFuGh5U5%2BttXqqAS8%3D&Expires=1791718612
  OK S09 1148706 bytes / 5.11s
FETCH S11 https://maas-watermark-prod-new.cn-wlcb.ufileos.com/2026101019383052448b12cbd84ca0_watermark.mp4?UCloudPublicKey=TOKEN_6df395df-5d8c-4f69-90f8-a4fe46088958&Signature=PbasAmsc83Nn7ErLY8JqY7R52xY%3D&Expires=1791718712
  OK S11 1632455 bytes / 5.11s
FETCH S12 https://maas-watermark-prod-new.cn-wlcb.ufileos.com/202610101939503b2026d403b14a3f_watermark.mp4?UCloudPublicKey=TOKEN_6df395df-5d8c-4f69-90f8-a4fe46088958&Signature=wsIuNwPCkbAF%2Fj9Qh9s5DiKbGQA%3D&Expires=1791718793
  OK S12 1277736 bytes / 5.11s
FETCH S13 https://maas-watermark-prod-new.cn-wlcb.ufileos.com/20261010194140007b26a4ff3b4d60_watermark.mp4?UCloudPublicKey=TOKEN_6df395df-5d8c-4f69-90f8-a4fe46088958&Signature=SNdIVu51Q5eduYXn5w5LnbYS1eQ%3D&Expires=1791718901
  OK S13 1293474 bytes / 5.11s
FETCH S14 https://maas-watermark-prod-new.cn-wlcb.ufileos.com/2026101019425029cd3525b31e4295_watermark.mp4?UCloudPublicKey=TOKEN_6df395df-5d8c-4f69-90f8-a4fe46088958&Signature=ZRXloN9VETPtpgZeG83zIsbnd%2Bc%3D&Expires=1791718972
  OK S14 1229502 bytes / 5.11s
FETCH S15 https://maas-watermark-prod-new.cn-wlcb.ufileos.com/202610102030004a2a6bbc97884750_watermark.mp4?UCloudPublicKey=TOKEN_6df395df-5d8c-4f69-90f8-a4fe46088958&Signature=yxePQsQQwNwb%2FkA%2B7A%2BSAX8PFys%3D&Expires=1791721802
  OK S15 1106447 bytes / 5.11s
FETCH S16 https://maas-watermark-prod-new.cn-wlcb.ufileos.com/2026101019451042f19f8676654dbb_watermark.mp4?UCloudPublicKey=TOKEN_6df395df-5d8c-4f69-90f8-a4fe46088958&Signature=z6L%2F49B9cJX507myZkYRJ5DmjBM%3D&Expires=1791719113
  OK S16 2162762 bytes / 5.11s
FETCH S18 https://maas-watermark-prod-new.cn-wlcb.ufileos.com/20261010194620272de95e9a724044_watermark.mp4?UCloudPublicKey=TOKEN_6df395df-5d8c-4f69-90f8-a4fe46088958&Signature=cljEbbLYM7F8vxlGbkErQw5rrLk%3D&Expires=1791719182
  OK S18 1024235 bytes / 5.11s
FETCH S19 https://maas-watermark-prod-new.cn-wlcb.ufileos.com/20261010194730b79a47d9c6844d8c_watermark.mp4?UCloudPublicKey=TOKEN_6df395df-5d8c-4f69-90f8-a4fe46088958&Signature=bshWqu9v7BbEys%2Bf%2BQsqQATQYt0%3D&Expires=1791719252
  OK S19 1527508 bytes / 5.11s
FETCH S20 https://maas-watermark-prod-new.cn-wlcb.ufileos.com/202610101948409ec6c97b0b3e4a04_watermark.mp4?UCloudPublicKey=TOKEN_6df395df-5d8c-4f69-90f8-a4fe46088958&Signature=iwwm8%2Fix0WYjZPGAl4yv3u8HUT8%3D&Expires=1791719322
  OK S20 1308595 bytes / 5.11s
FETCH S21 https://maas-watermark-prod-new.cn-wlcb.ufileos.com/2026101019495001a14e8e58884edb_watermark.mp4?UCloudPublicKey=TOKEN_6df395df-5d8c-4f69-90f8-a4fe46088958&Signature=RdM2nkq%2FTjYHepgZiqosN3FVleg%3D&Expires=1791719392
  OK S21 1225948 bytes / 5.11s
FETCH S22 https://maas-watermark-prod-new.cn-wlcb.ufileos.com/2026101019513075923776af5e4e49_watermark.mp4?UCloudPublicKey=TOKEN_6df395df-5d8c-4f69-90f8-a4fe46088958&Signature=mlRfYQWKZVqZXFSDnwahvZ%2Bp21c%3D&Expires=1791719492
  OK S22 1467176 bytes / 5.11s
FETCH S23 https://maas-watermark-prod-new.cn-wlcb.ufileos.com/20261010195240d0094df5ff394fa7_watermark.mp4?UCloudPublicKey=TOKEN_6df395df-5d8c-4f69-90f8-a4fe46088958&Signature=iVSZ%2B5mj7FvSUNkhDjU5SYBG8EU%3D&Expires=1791719563
  OK S23 1200331 bytes / 5.11s
FETCH S25 https://maas-watermark-prod-new.cn-wlcb.ufileos.com/2026101019535092b6b693a99f42ed_watermark.mp4?UCloudPublicKey=TOKEN_6df395df-5d8c-4f69-90f8-a4fe46088958&Signature=wqguNHvFWEkZ29ktgYDWOv4QezA%3D&Expires=1791719632
  OK S25 1079625 bytes / 5.11s
FETCH S26 https://maas-watermark-prod-new.cn-wlcb.ufileos.com/20261010203110d6f0df90b0414513_watermark.mp4?UCloudPublicKey=TOKEN_6df395df-5d8c-4f69-90f8-a4fe46088958&Signature=0b0vBLvzIeiCHmgqJ%2FHzWAEd5%2F4%3D&Expires=1791721871
  OK S26 709147 bytes / 5.11s
FETCH S27 https://maas-watermark-prod-new.cn-wlcb.ufileos.com/20261010203230f390428e02174367_watermark.mp4?UCloudPublicKey=TOKEN_6df395df-5d8c-4f69-90f8-a4fe46088958&Signature=y57zYNX%2FKWZjMMKJ9flBVSFBveM%3D&Expires=1791721952
  OK S27 887332 bytes / 5.11s
FETCH S28 https://maas-watermark-prod-new.cn-wlcb.ufileos.com/202610102003100c712ffa84ef4f85_watermark.mp4?UCloudPublicKey=TOKEN_6df395df-5d8c-4f69-90f8-a4fe46088958&Signature=oLsgoe3BGdXvr7f%2FQQxn87rekqg%3D&Expires=1791720192
  OK S28 1319719 bytes / 5.11s
FETCH S29 https://maas-watermark-prod-new.cn-wlcb.ufileos.com/202610102004200db0f95686034310_watermark.mp4?UCloudPublicKey=TOKEN_6df395df-5d8c-4f69-90f8-a4fe46088958&Signature=0pq7X%2BgRDlP8mYQfvsx17eJZU5U%3D&Expires=1791720262
  OK S29 1398119 bytes / 5.11s
FETCH S30 https://maas-watermark-prod-new.cn-wlcb.ufileos.com/20261010204050a2e93f46fc7748b4_watermark.mp4?UCloudPublicKey=TOKEN_6df395df-5d8c-4f69-90f8-a4fe46088958&Signature=fjUXVAkdilvPV0Y7%2BqmScDbWJhA%3D&Expires=1791722452
  OK S30 3511905 bytes / 5.11s
FETCH S32 https://maas-watermark-prod-new.cn-wlcb.ufileos.com/202610102011403d718921467740c3_watermark.mp4?UCloudPublicKey=TOKEN_6df395df-5d8c-4f69-90f8-a4fe46088958&Signature=K%2BE0dXqTO6JRe3ZSIXD%2BLyZr%2Bzc%3D&Expires=1791720702
  OK S32 2296157 bytes / 5.11s
FETCH S33 https://maas-watermark-prod-new.cn-wlcb.ufileos.com/20261010201300e7bfeac868c94f67_watermark.mp4?UCloudPublicKey=TOKEN_6df395df-5d8c-4f69-90f8-a4fe46088958&Signature=yOw%2B6cUv4ECmVeX49n8XKtJP41c%3D&Expires=1791720782
  OK S33 1296885 bytes / 5.11s
FETCH S34 https://maas-watermark-prod-new.cn-wlcb.ufileos.com/2026101020144077a431bd6be84b69_watermark.mp4?UCloudPublicKey=TOKEN_6df395df-5d8c-4f69-90f8-a4fe46088958&Signature=D2GCoIKbFg8dWaxnRMZqBZl9WAM%3D&Expires=1791720883
  OK S34 2158957 bytes / 5.11s
FETCH S35 https://maas-watermark-prod-new.cn-wlcb.ufileos.com/2026101020155000bb1fba024443e1_watermark.mp4?UCloudPublicKey=TOKEN_6df395df-5d8c-4f69-90f8-a4fe46088958&Signature=%2FVJpO7F%2Fj4ngPY3v0Bief2UAlaY%3D&Expires=1791720953
  OK S35 1861312 bytes / 5.11s
FETCH S36 https://maas-watermark-prod-new.cn-wlcb.ufileos.com/2026101020170067892b3b6c8b41f9_watermark.mp4?UCloudPublicKey=TOKEN_6df395df-5d8c-4f69-90f8-a4fe46088958&Signature=CLTZ62tiNHFdPXgU394CT04Wk2A%3D&Expires=1791721022
  OK S36 1403076 bytes / 5.11s
FETCH S37 https://maas-watermark-prod-new.cn-wlcb.ufileos.com/202610102018203c17b162b2a24e84_watermark.mp4?UCloudPublicKey=TOKEN_6df395df-5d8c-4f69-90f8-a4fe46088958&Signature=erOW1zBd2d8aV7GgD2M9BXGuTBg%3D&Expires=1791721102
  OK S37 869657 bytes / 5.11s
FETCH S39 https://maas-watermark-prod-new.cn-wlcb.ufileos.com/20261010203630256e68d6bb844ba7_watermark.mp4?UCloudPublicKey=TOKEN_6df395df-5d8c-4f69-90f8-a4fe46088958&Signature=gvl728cLVm8SKFPE1n69RdHAyS8%3D&Expires=1791722193
  OK S39 2086789 bytes / 5.11s
FETCH S40 https://maas-watermark-prod-new.cn-wlcb.ufileos.com/20261010202050f707a578a0494810_watermark.mp4?UCloudPublicKey=TOKEN_6df395df-5d8c-4f69-90f8-a4fe46088958&Signature=95spnupIKztOE58pfLNCDr7gHbY%3D&Expires=1791721253
  OK S40 1513694 bytes / 5.11s
FETCH S41 https://maas-watermark-prod-new.cn-wlcb.ufileos.com/202610102022004acaf9bca4b74062_watermark.mp4?UCloudPublicKey=TOKEN_6df395df-5d8c-4f69-90f8-a4fe46088958&Signature=V7WJxOT0PgysFC7bQdr2d88Mu%2B8%3D&Expires=1791721322
  OK S41 984139 bytes / 5.11s
FETCH S42 https://maas-watermark-prod-new.cn-wlcb.ufileos.com/20261010202310f3feb656596f4707_watermark.mp4?UCloudPublicKey=TOKEN_6df395df-5d8c-4f69-90f8-a4fe46088958&Signature=i%2BVMWIy89btwi9%2FGcPJW3LUwSjU%3D&Expires=1791721392
  OK S42 1521296 bytes / 5.11s
FETCH S44 https://maas-watermark-prod-new.cn-wlcb.ufileos.com/2026101020243000a6ff70f3e74146_watermark.mp4?UCloudPublicKey=TOKEN_6df395df-5d8c-4f69-90f8-a4fe46088958&Signature=lm5TYOLxWDk3fLIQVLtquXMufSU%3D&Expires=1791721471
  OK S44 1086210 bytes / 5.11s
FETCH S45 https://maas-watermark-prod-new.cn-wlcb.ufileos.com/2026101020254029afc15c0a384956_watermark.mp4?UCloudPublicKey=TOKEN_6df395df-5d8c-4f69-90f8-a4fe46088958&Signature=ReCCUmkC32EGipdPK3ii5Uc7Y%2F4%3D&Expires=1791721542
  OK S45 1599644 bytes / 5.11s
FETCH_COMPLETE {"downloaded": 38, "reused": 0, "clips": 38}
=== 3/5 剪辑 + 混音 + 成品复测（闸门二、三）===
Warning: You are sending unauthenticated requests to the HF Hub. Please set a HF_TOKEN to enable higher rate limits and faster downloads.
[0;93m2026-10-10 12:44:26.362066006 [W:onnxruntime:Default, device_discovery.cc:95 GetPciBusId] Skipping pci_bus_id for PCI path at "/sys/devices/LNXSYSTM:00/LNXSYBUS:00/ACPI0004:00/MSFT1000:00/5620e0c7-8062-4dce-aeb7-520c7ef76171" because filename "5620e0c7-8062-4dce-aeb7-520c7ef76171" did not match expected pattern of [0-9a-f]+:[0-9a-f]+:[0-9a-f]+[.][0-9a-f]+[m
ASR_TIMING_READY N01
ASR_TIMING_READY N02
ASR_TIMING_READY N03
ASR_TIMING_READY N04
ASR_TIMING_READY N05
ASR_TIMING_READY N06
RENDER_SEGMENT 1/46 S01
RENDER_SEGMENT 2/46 S02
RENDER_SEGMENT 3/46 S03
RENDER_SEGMENT 4/46 S04
RENDER_SEGMENT 5/46 S05
RENDER_SEGMENT 6/46 S06
RENDER_SEGMENT 7/46 S07
RENDER_SEGMENT 8/46 S08
RENDER_SEGMENT 9/46 S09
RENDER_SEGMENT 10/46 S10
RENDER_SEGMENT 11/46 S11
RENDER_SEGMENT 12/46 S12
RENDER_SEGMENT 13/46 S13
RENDER_SEGMENT 14/46 S14
RENDER_SEGMENT 15/46 S15
RENDER_SEGMENT 16/46 S16
RENDER_SEGMENT 17/46 S17
RENDER_SEGMENT 18/46 S18
RENDER_SEGMENT 19/46 S19
RENDER_SEGMENT 20/46 S20
RENDER_SEGMENT 21/46 S21
RENDER_SEGMENT 22/46 S22
RENDER_SEGMENT 23/46 S23
RENDER_SEGMENT 24/46 S24
RENDER_SEGMENT 25/46 S25
RENDER_SEGMENT 26/46 S26
RENDER_SEGMENT 27/46 S27
RENDER_SEGMENT 28/46 S28
RENDER_SEGMENT 29/46 S29
Traceback (most recent call last):
  File "/home/runner/work/desktop-tutorial/desktop-tutorial/production/jeong2000/render.py", line 514, in <module>
    if __name__=='__main__':main()
                            ^^^^^^
  File "/home/runner/work/desktop-tutorial/desktop-tutorial/production/jeong2000/render.py", line 456, in main
    outputs.append(render_segment(entry,i,args.sources,work/'graphics',segments,args.width,args.height,checks,presentation,last_shot))
                   ^^^^^^^^^^^^^^^^^^^^^^^^^^^^^^^^^^^^^^^^^^^^^^^^^^^^^^^^^^^^^^^^^^^^^^^^^^^^^^^^^^^^^^^^^^^^^^^^^^^^^^^^^^^^^^^^^^
  File "/home/runner/work/desktop-tutorial/desktop-tutorial/production/jeong2000/render.py", line 376, in render_segment
    if factor>1.33:raise RuntimeError(f'{sid}/{variant}: requires excessive slow motion ({factor:.2f})')
                   ^^^^^^^^^^^^^^^^^^^^^^^^^^^^^^^^^^^^^^^^^^^^^^^^^^^^^^^^^^^^^^^^^^^^^^^^^^^^^^^^^^^^^
RuntimeError: S30/: requires excessive slow motion (1.51)
