PRODUCTION_STATUS cloud generation started
PRODUCTION_STATUS S04 submitting
PRODUCTION_STATUS S04 waiting for a creation slot
PRODUCTION_STATUS S04 queued
[12:04:37] status=in_progress progress=30% (elapsed 0s)
[12:09:16] status=completed progress=100% (elapsed 279s)
PRODUCTION_STATUS S04 generated
PRODUCTION_STATUS S04 media and QA ready
PRODUCTION_STATUS S12 submitting
PRODUCTION_STATUS S12 waiting for a creation slot
PRODUCTION_STATUS S12 queued
[12:10:44] status=in_progress progress=30% (elapsed 0s)
[12:14:33] status=completed progress=100% (elapsed 228s)
PRODUCTION_STATUS S12 generated
PRODUCTION_STATUS S12 media and QA ready
PRODUCTION_STATUS S13 submitting
PRODUCTION_STATUS S13 waiting for a creation slot
PRODUCTION_STATUS S13 queued
[12:14:49] status=in_progress progress=30% (elapsed 0s)
[12:18:37] status=completed progress=100% (elapsed 228s)
PRODUCTION_STATUS S13 generated
PRODUCTION_STATUS S13 media and QA ready
PRODUCTION_STATUS S16 submitting
PRODUCTION_STATUS S16 waiting for a creation slot
PRODUCTION_STATUS S16 queued
[12:18:56] status=in_progress progress=30% (elapsed 0s)
[12:22:19] status=completed progress=100% (elapsed 203s)
PRODUCTION_STATUS S16 generated
PRODUCTION_STATUS S16 media and QA ready
PRODUCTION_STATUS S22 submitting
PRODUCTION_STATUS S22 waiting for a creation slot
PRODUCTION_STATUS S22 failed
PRODUCTION_STATUS S23 submitting
PRODUCTION_STATUS S23 waiting for a creation slot
PRODUCTION_STATUS S23 failed
PRODUCTION_STATUS S34 submitting
PRODUCTION_STATUS S34 waiting for a creation slot
PRODUCTION_STATUS S34 queued
[12:25:00] status=in_progress progress=30% (elapsed 0s)
[12:28:48] status=completed progress=100% (elapsed 228s)
PRODUCTION_STATUS S34 generated
PRODUCTION_STATUS S34 media and QA ready
PRODUCTION_STATUS generation incomplete
