=== 项目 unterweger / 分支 arena/39414314-desktop-tutorial / 成片 work/unterweger/杰克·翁特维格_最成功的一次伪装_三分钟_带声音.mp4 ===
=== 1/5 校验计划与配音来源（闸门一）===
VALID: 180-second plan; 45 shots; 38 Agnes sources; 7 graphics; 0 archival; narration hashes match
=== 2/5 按 SHA-256 回填已生成素材（不重新生成、不消耗额度）===
FETCH S01 https://platform-outputs.agnes-ai.space/videos/agnes-video-v2.0/video_8295dd3c89984e7c95c5447c70345771.mp4
  OK S01 2680423 bytes / 7.04s
FETCH S03 https://platform-outputs.agnes-ai.space/videos/agnes-video-v2.0/video_35d059203bfd4e868e01b3d4e85121f0.mp4
  OK S03 1669079 bytes / 7.04s
FETCH S04 https://cos-platform-outputs.agnes-ai.cn/videos/agnes-video-v2.0/video_80c0cd9642fa4dba8957725ac8f4b5e3.mp4
  OK S04 2257728 bytes / 7.04s
FETCH S05 https://platform-outputs.agnes-ai.space/videos/agnes-video-v2.0/video_91cd5740c2a740a9828cce6d76959199.mp4
  OK S05 1897541 bytes / 7.04s
FETCH S06 https://platform-outputs.agnes-ai.space/videos/agnes-video-v2.0/video_7845bdb43f16481eb054f82c91ab21b1.mp4
  OK S06 1706891 bytes / 7.04s
FETCH S07 https://platform-outputs.agnes-ai.space/videos/agnes-video-v2.0/video_9ff1b8257a3e41deae01f474c443c27d.mp4
  OK S07 2059770 bytes / 7.04s
FETCH S08 https://platform-outputs.agnes-ai.space/videos/agnes-video-v2.0/video_2f256d5db8b04949bb89f5881cb7ad19.mp4
  OK S08 1647320 bytes / 7.04s
FETCH S09 https://cos-platform-outputs.agnes-ai.cn/videos/agnes-video-v2.0/video_5d4fbecb1daa4491a4b0b429067a1a1c.mp4
  OK S09 2126364 bytes / 7.04s
FETCH S10 https://cos-platform-outputs.agnes-ai.cn/videos/agnes-video-v2.0/video_e7217a77a0a642aea5828a189bd3b69c.mp4
  OK S10 1666853 bytes / 7.04s
FETCH S12 https://platform-outputs.agnes-ai.space/videos/agnes-video-v2.0/video_535d8dd6458843ceb4c133426c6f3d55.mp4
  OK S12 3737392 bytes / 7.04s
FETCH S13 https://platform-outputs.agnes-ai.space/videos/agnes-video-v2.0/video_05764716bcb2475e9ed8aa42c5f14089.mp4
  OK S13 1501655 bytes / 7.04s
FETCH S14 https://platform-outputs.agnes-ai.space/videos/agnes-video-v2.0/video_6a0b2b54c89c49f8b5aa553825d2109d.mp4
  OK S14 1763488 bytes / 7.04s
FETCH S15 https://platform-outputs.agnes-ai.space/videos/agnes-video-v2.0/video_f38781bbd9c340c0946996d55988bc8c.mp4
  OK S15 1603821 bytes / 7.04s
FETCH S16 https://cos-platform-outputs.agnes-ai.cn/videos/agnes-video-v2.0/video_af674a2041af437f9308a4ab3529c38b.mp4
  OK S16 1599809 bytes / 7.04s
FETCH S17 https://platform-outputs.agnes-ai.space/videos/agnes-video-v2.0/video_94c5e9c7abd84ca3b46a6f62a4ebebdf.mp4
  OK S17 1717447 bytes / 7.04s
FETCH S19 https://cos-platform-outputs.agnes-ai.cn/videos/agnes-video-v2.0/video_87682fec46bb44c39c25b8f0bbba3d46.mp4
  OK S19 2489394 bytes / 7.04s
FETCH S20 https://platform-outputs.agnes-ai.space/videos/agnes-video-v2.0/video_edc6ad6a6adc4a839de768b587d4505d.mp4
  OK S20 1386624 bytes / 7.04s
FETCH S21 https://platform-outputs.agnes-ai.space/videos/agnes-video-v2.0/video_753e4ef0d72c45af9eebb8385244328e.mp4
  OK S21 3917744 bytes / 7.04s
FETCH S22 https://cos-platform-outputs.agnes-ai.cn/videos/agnes-video-v2.0/video_ad2d193a63bc4ef2a43502d263efdac1.mp4
  OK S22 1660355 bytes / 7.04s
FETCH S23 https://platform-outputs.agnes-ai.space/videos/agnes-video-v2.0/video_6a4cc7c1bbbd4121b5e712be02f16740.mp4
  OK S23 1811235 bytes / 7.04s
FETCH S25 https://platform-outputs.agnes-ai.space/videos/agnes-video-v2.0/video_ed8356230c4248d988813445f9ca9e83.mp4
  OK S25 2358598 bytes / 7.04s
FETCH S26 https://platform-outputs.agnes-ai.space/videos/agnes-video-v2.0/video_458346244a2c40e7bec8baa4f670421d.mp4
  OK S26 2122874 bytes / 7.04s
FETCH S27 https://platform-outputs.agnes-ai.space/videos/agnes-video-v2.0/video_0c4a190adc0c4900a791a01cf7537308.mp4
  OK S27 1701490 bytes / 7.04s
FETCH S28 https://platform-outputs.agnes-ai.space/videos/agnes-video-v2.0/video_f27a6d90d9ad4426af7adb90abb87ed6.mp4
  OK S28 2497381 bytes / 7.04s
FETCH S29 https://cos-platform-outputs.agnes-ai.cn/videos/agnes-video-v2.0/video_1f1fa648fdf14a97ad76f392c249f1e4.mp4
  OK S29 1394437 bytes / 7.04s
FETCH S30 https://cos-platform-outputs.agnes-ai.cn/videos/agnes-video-v2.0/video_36b710f506bf42ee8dfcabd56b9de1c5.mp4
  OK S30 1319722 bytes / 7.04s
FETCH S32 https://cos-platform-outputs.agnes-ai.cn/videos/agnes-video-v2.0/video_d19dd573e4f04e3fa4f69767b4560683.mp4
  OK S32 2077749 bytes / 7.04s
FETCH S33 https://platform-outputs.agnes-ai.space/videos/agnes-video-v2.0/video_5e69adcbb89d4d14aa12f010d75c537f.mp4
  OK S33 1670769 bytes / 7.04s
FETCH S34 https://cos-platform-outputs.agnes-ai.cn/videos/agnes-video-v2.0/video_47c64e8ab7f44eb9b189c8f00c45e479.mp4
  OK S34 1210343 bytes / 7.04s
FETCH S35 https://cos-platform-outputs.agnes-ai.cn/videos/agnes-video-v2.0/video_5f9433ff21214dc6b87c08275cf02b45.mp4
  OK S35 6872817 bytes / 7.04s
FETCH S36 https://cos-platform-outputs.agnes-ai.cn/videos/agnes-video-v2.0/video_1abf09bcfec74959b2fdf7b4c2d85f03.mp4
  OK S36 1806832 bytes / 7.04s
FETCH S38 https://platform-outputs.agnes-ai.space/videos/agnes-video-v2.0/video_344ec875b3d84e7f898f1105bd575b3e.mp4
  OK S38 2001118 bytes / 7.04s
FETCH S39 https://cos-platform-outputs.agnes-ai.cn/videos/agnes-video-v2.0/video_f0b639a884374ffe8f11b5a0bc06494c.mp4
  OK S39 2327521 bytes / 7.04s
MISSING_RECEIPT S41: no verified generation to fetch
FETCH S42 https://cos-platform-outputs.agnes-ai.cn/videos/agnes-video-v2.0/video_f99cdc3777804b3cad01c6df96857545.mp4
  OK S42 1226695 bytes / 7.04s
FETCH S43 https://platform-outputs.agnes-ai.space/videos/agnes-video-v2.0/video_a93bc0bb5a394e4e94b8994cfe2e4e21.mp4
  OK S43 1663059 bytes / 7.04s
FETCH S44 https://platform-outputs.agnes-ai.space/videos/agnes-video-v2.0/video_327cf2348e774dcd9e7cc790bef6e030.mp4
  OK S44 1039826 bytes / 7.04s
FETCH S45 https://cos-platform-outputs.agnes-ai.cn/videos/agnes-video-v2.0/video_8cf2bd91582941158a8864ce72cbc581.mp4
  OK S45 1441607 bytes / 7.04s
Traceback (most recent call last):
  File "/home/runner/work/desktop-tutorial/desktop-tutorial/production/unterweger/fetch_sources.py", line 114, in <module>
    raise SystemExit(main())
                     ^^^^^^
  File "/home/runner/work/desktop-tutorial/desktop-tutorial/production/unterweger/fetch_sources.py", line 103, in main
    raise RuntimeError("Clips without a verified generation (regeneration required): "
RuntimeError: Clips without a verified generation (regeneration required): S41
