PRODUCTION_STATUS cloud generation started
PRODUCTION_STATUS S01 submitting
PRODUCTION_STATUS S01 waiting for a creation slot
PRODUCTION_STATUS S02 submitting
PRODUCTION_STATUS S02 waiting for a creation slot
PRODUCTION_STATUS S01 queued
[04:13:12] status=in_progress progress=30% (elapsed 1s)
PRODUCTION_STATUS S02 queued
[04:14:34] status=in_progress progress=30% (elapsed 0s)
[04:17:01] status=completed progress=100% (elapsed 229s)
PRODUCTION_STATUS S01 generated
PRODUCTION_STATUS S01 media and QA ready
PRODUCTION_STATUS S03 submitting
PRODUCTION_STATUS S03 waiting for a creation slot
PRODUCTION_STATUS S03 queued
[04:17:22] status=in_progress progress=30% (elapsed 0s)
[04:17:58] status=completed progress=100% (elapsed 203s)
PRODUCTION_STATUS S02 generated
PRODUCTION_STATUS S02 media and QA ready
PRODUCTION_STATUS S04 submitting
PRODUCTION_STATUS S04 waiting for a creation slot
PRODUCTION_STATUS S04 queued
[04:18:37] status=in_progress progress=30% (elapsed 0s)
[04:19:54] poll: HTTP 429: too many video status queries (request id: 202609260419548632074206Xfg6h64) (code=429) [1/12]
[04:22:12] status=completed progress=100% (elapsed 215s)
PRODUCTION_STATUS S04 generated
PRODUCTION_STATUS S04 media and QA ready
PRODUCTION_STATUS S05 submitting
PRODUCTION_STATUS S05 waiting for a creation slot
PRODUCTION_STATUS S05 queued
[04:22:30] status=in_progress progress=30% (elapsed 0s)
[04:23:02] status=completed progress=100% (elapsed 340s)
PRODUCTION_STATUS S03 generated
PRODUCTION_STATUS S03 media and QA ready
PRODUCTION_STATUS S06 submitting
PRODUCTION_STATUS S06 waiting for a creation slot
PRODUCTION_STATUS S06 queued
[04:23:45] status=in_progress progress=30% (elapsed 0s)
[04:25:29] poll: HTTP 429: too many video status queries (request id: 20260926042528815552032gDahKMsN) (code=429) [1/12]
[04:27:20] status=completed progress=100% (elapsed 214s)
PRODUCTION_STATUS S06 generated
PRODUCTION_STATUS S06 media and QA ready
PRODUCTION_STATUS S09 submitting
PRODUCTION_STATUS S09 waiting for a creation slot
PRODUCTION_STATUS S09 queued
[04:27:39] status=in_progress progress=30% (elapsed 0s)
[04:28:36] status=completed progress=100% (elapsed 366s)
PRODUCTION_STATUS S05 generated
PRODUCTION_STATUS S05 media and QA ready
PRODUCTION_STATUS S10 submitting
PRODUCTION_STATUS S10 waiting for a creation slot
PRODUCTION_STATUS S10 queued
[04:28:53] status=in_progress progress=30% (elapsed 0s)
[04:31:28] status=completed progress=100% (elapsed 229s)
PRODUCTION_STATUS S09 generated
PRODUCTION_STATUS S09 media and QA ready
PRODUCTION_STATUS S11 submitting
PRODUCTION_STATUS S11 waiting for a creation slot
PRODUCTION_STATUS S11 queued
[04:31:46] status=in_progress progress=30% (elapsed 0s)
[04:32:42] status=completed progress=100% (elapsed 229s)
PRODUCTION_STATUS S10 generated
PRODUCTION_STATUS S10 media and QA ready
PRODUCTION_STATUS S12 submitting
PRODUCTION_STATUS S12 waiting for a creation slot
PRODUCTION_STATUS S12 queued
[04:33:00] status=in_progress progress=30% (elapsed 0s)
[04:33:28] poll: HTTP 429: too many video status queries (request id: 20260926043328299687680iF9mDeVk) (code=429) [1/12]
[04:35:44] poll: HTTP 429: too many video status queries (request id: 20260926043544612046125kjnUTiSy) (code=429) [1/12]
[04:36:45] status=completed progress=100% (elapsed 224s)
[04:36:45] status=completed progress=100% (elapsed 299s)
PRODUCTION_STATUS S11 generated
PRODUCTION_STATUS S12 generated
PRODUCTION_STATUS S11 media and QA ready
PRODUCTION_STATUS S12 media and QA ready
PRODUCTION_STATUS S13 submitting
PRODUCTION_STATUS S13 waiting for a creation slot
PRODUCTION_STATUS S14 submitting
PRODUCTION_STATUS S14 waiting for a creation slot
PRODUCTION_STATUS S13 queued
[04:37:07] status=in_progress progress=30% (elapsed 0s)
PRODUCTION_STATUS S14 queued
[04:38:25] status=in_progress progress=30% (elapsed 1s)
[04:41:21] status=completed progress=100% (elapsed 253s)
PRODUCTION_STATUS S13 generated
PRODUCTION_STATUS S13 media and QA ready
PRODUCTION_STATUS S15 submitting
PRODUCTION_STATUS S15 waiting for a creation slot
PRODUCTION_STATUS S15 queued
[04:41:38] status=in_progress progress=30% (elapsed 1s)
[04:42:14] status=completed progress=100% (elapsed 229s)
PRODUCTION_STATUS S14 generated
PRODUCTION_STATUS S14 media and QA ready
PRODUCTION_STATUS S16 submitting
PRODUCTION_STATUS S16 waiting for a creation slot
PRODUCTION_STATUS S16 queued
[04:42:53] status=in_progress progress=30% (elapsed 0s)
[04:44:10] poll: HTTP 429: too many video status queries (request id: 20260926044410761503182P7l5rOem) (code=429) [1/12]
[04:47:18] status=completed progress=100% (elapsed 340s)
PRODUCTION_STATUS S15 generated
PRODUCTION_STATUS S15 media and QA ready
PRODUCTION_STATUS S17 submitting
PRODUCTION_STATUS S17 waiting for a creation slot
PRODUCTION_STATUS S17 queued
[04:47:36] status=in_progress progress=30% (elapsed 0s)
[04:47:43] status=completed progress=100% (elapsed 290s)
PRODUCTION_STATUS S16 generated
PRODUCTION_STATUS S16 media and QA ready
PRODUCTION_STATUS S18 submitting
PRODUCTION_STATUS S18 waiting for a creation slot
PRODUCTION_STATUS S18 queued
[04:48:50] status=in_progress progress=30% (elapsed 0s)
[04:50:59] status=completed progress=100% (elapsed 203s)
PRODUCTION_STATUS S17 generated
PRODUCTION_STATUS S17 media and QA ready
PRODUCTION_STATUS S20 submitting
PRODUCTION_STATUS S20 waiting for a creation slot
PRODUCTION_STATUS S20 queued
[04:51:16] status=in_progress progress=30% (elapsed 0s)
[04:52:38] status=completed progress=100% (elapsed 228s)
PRODUCTION_STATUS S18 generated
PRODUCTION_STATUS S18 media and QA ready
PRODUCTION_STATUS S21 submitting
PRODUCTION_STATUS S21 waiting for a creation slot
PRODUCTION_STATUS S21 queued
[04:52:53] status=in_progress progress=30% (elapsed 0s)
[04:55:29] status=completed progress=100% (elapsed 253s)
PRODUCTION_STATUS S20 generated
PRODUCTION_STATUS S20 media and QA ready
PRODUCTION_STATUS S22 submitting
PRODUCTION_STATUS S22 waiting for a creation slot
PRODUCTION_STATUS S22 queued
[04:55:49] status=in_progress progress=30% (elapsed 0s)
[04:57:06] status=completed progress=100% (elapsed 253s)
PRODUCTION_STATUS S21 generated
PRODUCTION_STATUS S21 media and QA ready
PRODUCTION_STATUS S23 submitting
PRODUCTION_STATUS S23 waiting for a creation slot
PRODUCTION_STATUS S23 queued
[04:57:22] status=in_progress progress=30% (elapsed 0s)
[04:59:38] status=completed progress=100% (elapsed 229s)
PRODUCTION_STATUS S22 generated
PRODUCTION_STATUS S22 media and QA ready
PRODUCTION_STATUS S24 submitting
PRODUCTION_STATUS S24 waiting for a creation slot
PRODUCTION_STATUS S24 queued
[04:59:54] status=in_progress progress=30% (elapsed 0s)
[05:00:45] status=completed progress=100% (elapsed 203s)
PRODUCTION_STATUS S23 generated
PRODUCTION_STATUS S23 media and QA ready
PRODUCTION_STATUS S25 submitting
PRODUCTION_STATUS S25 waiting for a creation slot
PRODUCTION_STATUS S25 queued
[05:01:09] status=in_progress progress=30% (elapsed 0s)
[05:03:43] status=completed progress=100% (elapsed 228s)
PRODUCTION_STATUS S24 generated
PRODUCTION_STATUS S24 media and QA ready
PRODUCTION_STATUS S26 submitting
PRODUCTION_STATUS S26 waiting for a creation slot
PRODUCTION_STATUS S26 queued
[05:03:58] status=in_progress progress=30% (elapsed 0s)
[05:04:57] status=completed progress=100% (elapsed 227s)
PRODUCTION_STATUS S25 generated
PRODUCTION_STATUS S25 media and QA ready
PRODUCTION_STATUS S28 submitting
PRODUCTION_STATUS S28 waiting for a creation slot
PRODUCTION_STATUS S28 queued
[05:05:19] status=in_progress progress=30% (elapsed 0s)
[05:07:47] status=completed progress=100% (elapsed 228s)
PRODUCTION_STATUS S26 generated
PRODUCTION_STATUS S26 media and QA ready
PRODUCTION_STATUS S29 submitting
PRODUCTION_STATUS S29 waiting for a creation slot
PRODUCTION_STATUS S29 queued
[05:08:04] status=in_progress progress=30% (elapsed 0s)
[05:09:08] status=completed progress=100% (elapsed 229s)
PRODUCTION_STATUS S28 generated
PRODUCTION_STATUS S28 media and QA ready
PRODUCTION_STATUS S31 submitting
PRODUCTION_STATUS S31 waiting for a creation slot
PRODUCTION_STATUS S31 queued
[05:09:23] status=in_progress progress=30% (elapsed 0s)
[05:11:27] status=completed progress=100% (elapsed 203s)
PRODUCTION_STATUS S29 generated
PRODUCTION_STATUS S29 media and QA ready
PRODUCTION_STATUS S32 submitting
PRODUCTION_STATUS S32 waiting for a creation slot
PRODUCTION_STATUS S32 queued
[05:11:47] status=in_progress progress=30% (elapsed 0s)
[05:14:28] status=completed progress=100% (elapsed 305s)
PRODUCTION_STATUS S31 generated
PRODUCTION_STATUS S31 media and QA ready
PRODUCTION_STATUS S33 submitting
PRODUCTION_STATUS S33 waiting for a creation slot
PRODUCTION_STATUS S33 queued
[05:14:43] status=in_progress progress=30% (elapsed 0s)
[05:15:10] status=completed progress=100% (elapsed 203s)
PRODUCTION_STATUS S32 generated
PRODUCTION_STATUS S32 media and QA ready
PRODUCTION_STATUS S34 submitting
PRODUCTION_STATUS S34 waiting for a creation slot
PRODUCTION_STATUS S34 queued
[05:15:59] status=in_progress progress=30% (elapsed 0s)
[05:18:32] status=completed progress=100% (elapsed 229s)
PRODUCTION_STATUS S33 generated
PRODUCTION_STATUS S33 media and QA ready
PRODUCTION_STATUS S35 submitting
PRODUCTION_STATUS S35 waiting for a creation slot
PRODUCTION_STATUS S35 queued
[05:18:48] status=in_progress progress=30% (elapsed 0s)
[05:20:13] status=completed progress=100% (elapsed 254s)
PRODUCTION_STATUS S34 generated
PRODUCTION_STATUS S34 media and QA ready
PRODUCTION_STATUS S37 submitting
PRODUCTION_STATUS S37 waiting for a creation slot
PRODUCTION_STATUS S37 queued
[05:20:28] status=in_progress progress=30% (elapsed 0s)
[05:20:30] poll: HTTP 429: too many video status queries (request id: 20260926052030163530449zUgSB7Dp) (code=429) [1/12]
[05:22:47] status=completed progress=100% (elapsed 238s)
PRODUCTION_STATUS S35 generated
PRODUCTION_STATUS S35 media and QA ready
PRODUCTION_STATUS S38 submitting
PRODUCTION_STATUS S38 waiting for a creation slot
PRODUCTION_STATUS S38 queued
[05:23:06] status=in_progress progress=30% (elapsed 0s)
[05:23:37] status=completed progress=100% (elapsed 189s)
PRODUCTION_STATUS S37 generated
PRODUCTION_STATUS S37 media and QA ready
PRODUCTION_STATUS S39 submitting
PRODUCTION_STATUS S39 waiting for a creation slot
PRODUCTION_STATUS S39 queued
[05:24:18] status=in_progress progress=30% (elapsed 0s)
[05:28:31] status=completed progress=100% (elapsed 254s)
PRODUCTION_STATUS S39 generated
[05:28:37] status=completed progress=100% (elapsed 331s)
PRODUCTION_STATUS S38 generated
PRODUCTION_STATUS S39 media and QA ready
PRODUCTION_STATUS S38 media and QA ready
PRODUCTION_STATUS S40 submitting
PRODUCTION_STATUS S40 waiting for a creation slot
PRODUCTION_STATUS S41 submitting
PRODUCTION_STATUS S41 waiting for a creation slot
PRODUCTION_STATUS S40 queued
[05:28:56] status=in_progress progress=30% (elapsed 0s)
PRODUCTION_STATUS S41 queued
[05:30:09] status=in_progress progress=30% (elapsed 0s)
[05:32:45] status=completed progress=100% (elapsed 229s)
PRODUCTION_STATUS S40 generated
PRODUCTION_STATUS S40 media and QA ready
PRODUCTION_STATUS S42 submitting
PRODUCTION_STATUS S42 waiting for a creation slot
PRODUCTION_STATUS S42 queued
[05:33:00] status=in_progress progress=30% (elapsed 0s)
[05:33:33] status=completed progress=100% (elapsed 203s)
PRODUCTION_STATUS S41 generated
PRODUCTION_STATUS S41 media and QA ready
PRODUCTION_STATUS S44 submitting
PRODUCTION_STATUS S44 waiting for a creation slot
PRODUCTION_STATUS S44 queued
[05:34:15] status=in_progress progress=30% (elapsed 0s)
[05:35:08] poll: HTTP 429: too many video status queries (request id: 20260926053507898541969feiIpgSI) (code=429) [1/12]
[05:37:24] status=completed progress=100% (elapsed 263s)
PRODUCTION_STATUS S42 generated
PRODUCTION_STATUS S42 media and QA ready
PRODUCTION_STATUS S45 submitting
PRODUCTION_STATUS S45 waiting for a creation slot
PRODUCTION_STATUS S45 queued
[05:37:41] status=in_progress progress=30% (elapsed 0s)
[05:38:40] status=completed progress=100% (elapsed 264s)
PRODUCTION_STATUS S44 generated
PRODUCTION_STATUS S44 media and QA ready
[05:41:54] status=completed progress=100% (elapsed 253s)
PRODUCTION_STATUS S45 generated
PRODUCTION_STATUS S45 media and QA ready
PRODUCTION_STATUS preparing cloud edit
PRODUCTION_STATUS rendering first cut
Traceback (most recent call last):
  File "/home/runner/work/desktop-tutorial/desktop-tutorial/production/monalisa/render.py", line 577, in <module>
    if __name__=='__main__':main()
                            ^^^^^^
  File "/home/runner/work/desktop-tutorial/desktop-tutorial/production/monalisa/render.py", line 485, in main
    raise RuntimeError(f'Missing or unverified Agnes footage: {sid}; refusing to substitute an image/slideshow')
RuntimeError: Missing or unverified Agnes footage: S11; refusing to substitute an image/slideshow
PRODUCTION_STATUS pipeline stopped
Traceback (most recent call last):
  File "/home/runner/work/desktop-tutorial/desktop-tutorial/production/monalisa/generate.py", line 312, in <module>
    if __name__=='__main__':raise SystemExit(main())
                                             ^^^^^^
  File "/home/runner/work/desktop-tutorial/desktop-tutorial/production/monalisa/generate.py", line 273, in main
    subprocess.run([str(python),str(Path(__file__).with_name('render.py')),
  File "/opt/hostedtoolcache/Python/3.11.16/x64/lib/python3.11/subprocess.py", line 571, in run
    raise CalledProcessError(retcode, process.args,
subprocess.CalledProcessError: Command '['/home/runner/work/desktop-tutorial/desktop-tutorial/work/monalisa/render-env/bin/python', '/home/runner/work/desktop-tutorial/desktop-tutorial/production/monalisa/render.py', '--sources', '/home/runner/work/desktop-tutorial/desktop-tutorial/work/monalisa/sources', '--work', '/home/runner/work/desktop-tutorial/desktop-tutorial/work/monalisa/edit', '--output', '/home/runner/work/desktop-tutorial/desktop-tutorial/work/monalisa/edit/first-cut.mp4']' returned non-zero exit status 1.
