PRODUCTION_STATUS cloud generation started
PRODUCTION_STATUS S03 submitting
PRODUCTION_STATUS S03 waiting for a creation slot
PRODUCTION_STATUS S04 submitting
PRODUCTION_STATUS S04 waiting for a creation slot
PRODUCTION_STATUS S03 queued
[10:28:49] status=in_progress progress=30% (elapsed 0s)
PRODUCTION_STATUS S04 queued
[10:30:03] status=in_progress progress=30% (elapsed 0s)
[10:30:05] poll: HTTP 429: too many video status queries (request id: 20261004103005250983038H7OCMJ7P) (code=429) [1/12]
[10:32:46] status=completed progress=100% (elapsed 237s)
PRODUCTION_STATUS S03 generated
PRODUCTION_STATUS S03 media and QA ready
PRODUCTION_STATUS S05 submitting
PRODUCTION_STATUS S05 waiting for a creation slot
PRODUCTION_STATUS S05 queued
[10:32:56] status=in_progress progress=30% (elapsed 0s)
[10:33:37] status=completed progress=100% (elapsed 214s)
PRODUCTION_STATUS S04 generated
PRODUCTION_STATUS S04 media and QA ready
PRODUCTION_STATUS S06 submitting
PRODUCTION_STATUS S06 waiting for a creation slot
PRODUCTION_STATUS S06 queued
[10:34:11] status=in_progress progress=30% (elapsed 0s)
[10:35:30] poll: HTTP 429: too many video status queries (request id: 20261004103530433891302FnFMgikj) (code=429) [1/12]
[10:36:30] poll: HTTP 429: too many video status queries (request id: 20261004103630677243417Xab55Uks) (code=429) [2/12]
[10:37:31] status=completed progress=100% (elapsed 274s)
[10:37:31] status=completed progress=100% (elapsed 199s)
PRODUCTION_STATUS S05 generated
PRODUCTION_STATUS S06 generated
PRODUCTION_STATUS S05 media and QA ready
PRODUCTION_STATUS S06 media and QA ready
PRODUCTION_STATUS S08 submitting
PRODUCTION_STATUS S08 waiting for a creation slot
PRODUCTION_STATUS S10 submitting
PRODUCTION_STATUS S10 waiting for a creation slot
PRODUCTION_STATUS S08 queued
[10:37:43] status=in_progress progress=30% (elapsed 0s)
PRODUCTION_STATUS S10 queued
[10:38:56] status=in_progress progress=30% (elapsed 0s)
[10:41:31] poll: HTTP 429: too many video status queries (request id: 20261004104131134712293c7RE4Es3) (code=429) [1/12]
[10:42:31] status=completed progress=100% (elapsed 288s)
[10:42:31] status=completed progress=100% (elapsed 215s)
PRODUCTION_STATUS S08 generated
PRODUCTION_STATUS S10 generated
PRODUCTION_STATUS S08 media and QA ready
PRODUCTION_STATUS S10 media and QA ready
PRODUCTION_STATUS S11 submitting
PRODUCTION_STATUS S11 waiting for a creation slot
PRODUCTION_STATUS S12 submitting
PRODUCTION_STATUS S12 waiting for a creation slot
PRODUCTION_STATUS S11 queued
[10:42:44] status=in_progress progress=30% (elapsed 0s)
PRODUCTION_STATUS S12 queued
[10:43:58] status=in_progress progress=30% (elapsed 0s)
[10:47:20] status=completed progress=100% (elapsed 202s)
PRODUCTION_STATUS S12 generated
PRODUCTION_STATUS S12 media and QA ready
PRODUCTION_STATUS S14 submitting
PRODUCTION_STATUS S14 waiting for a creation slot
PRODUCTION_STATUS S14 queued
[10:47:34] status=in_progress progress=30% (elapsed 0s)
[10:48:38] status=completed progress=100% (elapsed 354s)
PRODUCTION_STATUS S11 generated
PRODUCTION_STATUS S11 media and QA ready
PRODUCTION_STATUS S15 submitting
PRODUCTION_STATUS S15 waiting for a creation slot
PRODUCTION_STATUS S15 queued
[10:48:49] status=in_progress progress=30% (elapsed 0s)
[10:49:15] poll: HTTP 429: too many video status queries (request id: 20261004104915645105140yvT6lLZE) (code=429) [1/12]
[10:50:41] status=completed progress=100% (elapsed 187s)
PRODUCTION_STATUS S14 generated
PRODUCTION_STATUS S14 media and QA ready
PRODUCTION_STATUS S16 submitting
PRODUCTION_STATUS S16 waiting for a creation slot
PRODUCTION_STATUS S16 queued
[10:50:51] status=in_progress progress=30% (elapsed 0s)
[10:52:22] status=completed progress=100% (elapsed 213s)
PRODUCTION_STATUS S15 generated
PRODUCTION_STATUS S15 media and QA ready
PRODUCTION_STATUS S17 submitting
PRODUCTION_STATUS S17 waiting for a creation slot
PRODUCTION_STATUS S17 queued
[10:52:32] status=in_progress progress=30% (elapsed 0s)
[10:54:14] status=completed progress=100% (elapsed 202s)
PRODUCTION_STATUS S16 generated
PRODUCTION_STATUS S16 media and QA ready
PRODUCTION_STATUS S18 submitting
PRODUCTION_STATUS S18 waiting for a creation slot
PRODUCTION_STATUS S18 queued
[10:54:24] status=in_progress progress=30% (elapsed 0s)
[10:56:45] status=completed progress=100% (elapsed 253s)
PRODUCTION_STATUS S17 generated
PRODUCTION_STATUS S17 media and QA ready
PRODUCTION_STATUS S19 submitting
PRODUCTION_STATUS S19 waiting for a creation slot
PRODUCTION_STATUS S19 queued
[10:56:57] status=in_progress progress=30% (elapsed 0s)
[10:58:12] status=completed progress=100% (elapsed 228s)
PRODUCTION_STATUS S18 generated
PRODUCTION_STATUS S18 media and QA ready
PRODUCTION_STATUS S20 submitting
PRODUCTION_STATUS S20 waiting for a creation slot
PRODUCTION_STATUS S20 queued
[10:58:22] status=in_progress progress=30% (elapsed 0s)
[11:00:45] status=completed progress=100% (elapsed 228s)
PRODUCTION_STATUS S19 generated
PRODUCTION_STATUS S19 media and QA ready
PRODUCTION_STATUS S22 submitting
PRODUCTION_STATUS S22 waiting for a creation slot
PRODUCTION_STATUS S22 queued
[11:00:56] poll: HTTP 429: too many video status queries (request id: 20261004110056614895561ESpyCUNh) (code=429) [1/12]
[11:01:57] status=in_progress progress=30% (elapsed 60s)
[11:02:47] status=completed progress=100% (elapsed 265s)
PRODUCTION_STATUS S20 generated
PRODUCTION_STATUS S20 media and QA ready
PRODUCTION_STATUS S23 submitting
PRODUCTION_STATUS S23 waiting for a creation slot
PRODUCTION_STATUS S23 queued
[11:02:57] status=in_progress progress=30% (elapsed 0s)
[11:04:28] status=completed progress=100% (elapsed 212s)
PRODUCTION_STATUS S22 generated
PRODUCTION_STATUS S22 media and QA ready
PRODUCTION_STATUS S24 submitting
PRODUCTION_STATUS S24 waiting for a creation slot
PRODUCTION_STATUS S24 queued
[11:04:39] status=in_progress progress=30% (elapsed 0s)
[11:06:44] status=completed progress=100% (elapsed 227s)
PRODUCTION_STATUS S23 generated
PRODUCTION_STATUS S23 media and QA ready
PRODUCTION_STATUS S25 submitting
PRODUCTION_STATUS S25 waiting for a creation slot
PRODUCTION_STATUS S25 queued
[11:06:58] status=in_progress progress=30% (elapsed 0s)
[11:09:17] status=completed progress=100% (elapsed 278s)
PRODUCTION_STATUS S24 generated
PRODUCTION_STATUS S24 media and QA ready
PRODUCTION_STATUS S26 submitting
PRODUCTION_STATUS S26 waiting for a creation slot
PRODUCTION_STATUS S26 queued
[11:09:28] status=in_progress progress=30% (elapsed 0s)
[11:10:46] status=completed progress=100% (elapsed 228s)
PRODUCTION_STATUS S25 generated
PRODUCTION_STATUS S25 media and QA ready
PRODUCTION_STATUS S29 submitting
PRODUCTION_STATUS S29 waiting for a creation slot
PRODUCTION_STATUS S29 queued
[11:10:56] status=in_progress progress=30% (elapsed 0s)
[11:12:50] status=completed progress=100% (elapsed 202s)
PRODUCTION_STATUS S26 generated
PRODUCTION_STATUS S26 media and QA ready
PRODUCTION_STATUS S30 submitting
PRODUCTION_STATUS S30 waiting for a creation slot
PRODUCTION_STATUS S30 queued
[11:13:01] status=in_progress progress=30% (elapsed 0s)
[11:13:28] poll: HTTP 429: too many video status queries (request id: 202610041113284924180173it9UGxE) (code=429) [1/12]
[11:14:29] status=completed progress=100% (elapsed 212s)
PRODUCTION_STATUS S29 generated
PRODUCTION_STATUS S29 media and QA ready
PRODUCTION_STATUS S31 submitting
PRODUCTION_STATUS S31 waiting for a creation slot
PRODUCTION_STATUS S31 queued
[11:14:42] status=in_progress progress=30% (elapsed 0s)
[11:16:35] status=completed progress=100% (elapsed 214s)
PRODUCTION_STATUS S30 generated
PRODUCTION_STATUS S30 media and QA ready
PRODUCTION_STATUS S32 submitting
PRODUCTION_STATUS S32 waiting for a creation slot
PRODUCTION_STATUS S32 queued
[11:16:47] status=in_progress progress=30% (elapsed 0s)
[11:18:30] status=completed progress=100% (elapsed 228s)
PRODUCTION_STATUS S31 generated
PRODUCTION_STATUS S31 media and QA ready
PRODUCTION_STATUS S33 submitting
PRODUCTION_STATUS S33 waiting for a creation slot
PRODUCTION_STATUS S33 queued
[11:18:41] status=in_progress progress=30% (elapsed 0s)
[11:21:25] status=completed progress=100% (elapsed 278s)
PRODUCTION_STATUS S32 generated
PRODUCTION_STATUS S32 media and QA ready
PRODUCTION_STATUS S35 submitting
PRODUCTION_STATUS S35 waiting for a creation slot
PRODUCTION_STATUS S35 queued
[11:21:35] status=in_progress progress=30% (elapsed 0s)
[11:21:38] poll: HTTP 429: too many video status queries (request id: 20261004112138592367549SYCnxgB1) (code=429) [1/12]
[11:22:39] status=completed progress=100% (elapsed 237s)
PRODUCTION_STATUS S33 generated
PRODUCTION_STATUS S33 media and QA ready
PRODUCTION_STATUS S36 submitting
PRODUCTION_STATUS S36 waiting for a creation slot
PRODUCTION_STATUS S36 queued
[11:22:50] status=in_progress progress=30% (elapsed 0s)
[11:24:45] status=completed progress=100% (elapsed 190s)
PRODUCTION_STATUS S35 generated
PRODUCTION_STATUS S35 media and QA ready
PRODUCTION_STATUS S37 submitting
PRODUCTION_STATUS S37 waiting for a creation slot
PRODUCTION_STATUS S37 queued
[11:25:00] status=in_progress progress=30% (elapsed 0s)
[11:27:28] status=completed progress=100% (elapsed 278s)
PRODUCTION_STATUS S36 generated
[11:27:32] poll: HTTP 429: too many video status queries (request id: 202610041127323674714066m8bY6y) (code=429) [1/12]
PRODUCTION_STATUS S36 media and QA ready
PRODUCTION_STATUS S39 submitting
PRODUCTION_STATUS S39 waiting for a creation slot
PRODUCTION_STATUS S39 queued
[11:28:33] status=in_progress progress=30% (elapsed 0s)
[11:29:23] status=completed progress=100% (elapsed 263s)
PRODUCTION_STATUS S37 generated
PRODUCTION_STATUS S37 media and QA ready
PRODUCTION_STATUS S40 submitting
PRODUCTION_STATUS S40 waiting for a creation slot
PRODUCTION_STATUS S40 queued
[11:29:50] status=in_progress progress=30% (elapsed 0s)
[11:31:56] poll: HTTP 429: too many video status queries (request id: 20261004113156352615413bAvNP7wM) (code=429) [1/12]
[11:32:56] status=completed progress=100% (elapsed 263s)
PRODUCTION_STATUS S39 generated
PRODUCTION_STATUS S39 media and QA ready
PRODUCTION_STATUS S41 submitting
PRODUCTION_STATUS S41 waiting for a creation slot
PRODUCTION_STATUS S41 queued
[11:33:07] status=in_progress progress=30% (elapsed 0s)
[11:33:22] status=completed progress=100% (elapsed 212s)
PRODUCTION_STATUS S40 generated
PRODUCTION_STATUS S40 media and QA ready
PRODUCTION_STATUS S43 submitting
PRODUCTION_STATUS S43 waiting for a creation slot
PRODUCTION_STATUS S43 queued
[11:34:21] status=in_progress progress=30% (elapsed 0s)
[11:35:38] poll: HTTP 429: too many video status queries (request id: 20261004113538614309786JV5DQEg7) (code=429) [1/12]
[11:37:04] status=completed progress=100% (elapsed 237s)
PRODUCTION_STATUS S41 generated
PRODUCTION_STATUS S41 media and QA ready
PRODUCTION_STATUS S44 submitting
PRODUCTION_STATUS S44 waiting for a creation slot
PRODUCTION_STATUS S44 queued
[11:37:14] status=in_progress progress=30% (elapsed 0s)
[11:38:20] status=completed progress=100% (elapsed 239s)
PRODUCTION_STATUS S43 generated
PRODUCTION_STATUS S43 media and QA ready
PRODUCTION_STATUS S45 submitting
PRODUCTION_STATUS S45 waiting for a creation slot
PRODUCTION_STATUS S45 queued
[11:38:29] status=queued progress=0% (elapsed 0s)
[11:41:53] status=completed progress=100% (elapsed 278s)
PRODUCTION_STATUS S44 generated
PRODUCTION_STATUS S44 media and QA ready
[11:54:31] status=failed progress=0% (elapsed 961s)
PRODUCTION_STATUS S45 failed
PRODUCTION_STATUS generation incomplete
